#-----------------------------------------------------------
# Vivado v2021.2 (64-bit)
# SW Build 3367213 on Tue Oct 19 02:47:39 MDT 2021
# IP Build 3369179 on Thu Oct 21 08:25:16 MDT 2021
# Start of session at: Tue Jun  9 19:48:56 2026
# Process ID: 27085
# Current directory: /home/student/mgibas/Desktop/sdup/simple_speech_recognition
# Command line: vivado -mode gui -source fpga/scripts/create_project.tcl
# Log file: /home/student/mgibas/Desktop/sdup/simple_speech_recognition/vivado.log
# Journal file: /home/student/mgibas/Desktop/sdup/simple_speech_recognition/vivado.jou
# Running On: cadence22, OS: Linux, CPU Frequency: 3961.132 MHz, CPU Physical cores: 4, Host memory: 16720 MB
#-----------------------------------------------------------
start_gui
source fpga/scripts/create_project.tcl
update_compile_order -fileset sources_1
update_compile_order -fileset sources_1
launch_simulation
source top_ssr_basys3.tcl
launch_runs synth_1 -jobs 4
wait_on_run synth_1
reset_run synth_1
launch_runs synth_1 -jobs 4
wait_on_run synth_1
close_sim
set_property include_dirs [list \
  [file normalize ./data] \
  [file normalize ./rtl/dsp] \
  [file normalize ./rtl/neural_network]] [get_filesets sources_1]
reset_run synth_1
launch_runs synth_1 -jobs 4
wait_on_run synth_1
add_files -norecurse /home/student/mgibas/Desktop/sdup/simple_speech_recognition/data/samples.mem
reset_run synth_1
launch_runs synth_1 -jobs 4
wait_on_run synth_1
