
*** Running vivado
    with args -log design_final_wrapper.vdi -applog -m64 -product Vivado -messageDb vivado.pb -mode batch -source design_final_wrapper.tcl -notrace


ECHO is off.
ECHO is off.

****** Vivado v2023.2 (64-bit)
  **** SW Build 4029153 on Fri Oct 13 20:14:34 MDT 2023
  **** IP Build 4028589 on Sat Oct 14 00:45:43 MDT 2023
  **** SharedData Build 4025554 on Tue Oct 10 17:18:54 MDT 2023
    ** Copyright 1986-2022 Xilinx, Inc. All Rights Reserved.
    ** Copyright 2022-2023 Advanced Micro Devices, Inc. All Rights Reserved.

source design_final_wrapper.tcl -notrace
create_project: Time (s): cpu = 00:00:09 ; elapsed = 00:00:19 . Memory (MB): peak = 458.012 ; gain = 182.105
INFO: [IP_Flow 19-234] Refreshing IP repositories
INFO: [IP_Flow 19-1700] Loaded user IP repository 'c:/Users/Python/Desktop/sdup/simple_speech_recognition/paczka_final'.
INFO: [IP_Flow 19-2313] Loaded Vivado IP repository 'C:/Users/Python/Desktop/Vivado_full/Vivado/2023.2/data/ip'.
WARNING: [IP_Flow 19-4995] The host OS only allows 260 characters in a normal path. The IP cache path is more than 80 characters. If you experience issues with IP caching, please consider changing the IP cache to a location with a shorter path. Alternately consider using the OS subst command to map part of the path to a drive letter. 
Current IP cache path is C:/Users/Python/Desktop/sdup/simple_speech_recognition/project_final/project_final.cache/ip 
add_files: Time (s): cpu = 00:00:01 ; elapsed = 00:00:07 . Memory (MB): peak = 488.566 ; gain = 25.602
Command: link_design -top design_final_wrapper -part xc7z020clg484-1
Design is defaulting to srcset: sources_1
Design is defaulting to constrset: constrs_1
INFO: [Device 21-403] Loading part xc7z020clg484-1
INFO: [Project 1-454] Reading design checkpoint 'c:/Users/Python/Desktop/sdup/simple_speech_recognition/project_final/project_final.gen/sources_1/bd/design_final/ip/design_final_axi_gpio_0_0/design_final_axi_gpio_0_0.dcp' for cell 'design_final_i/axi_gpio_0'
INFO: [Project 1-454] Reading design checkpoint 'c:/Users/Python/Desktop/sdup/simple_speech_recognition/project_final/project_final.gen/sources_1/bd/design_final/ip/design_final_processing_system7_0_0/design_final_processing_system7_0_0.dcp' for cell 'design_final_i/processing_system7_0'
INFO: [Project 1-454] Reading design checkpoint 'c:/Users/Python/Desktop/sdup/simple_speech_recognition/project_final/project_final.gen/sources_1/bd/design_final/ip/design_final_rst_ps7_0_50M_0/design_final_rst_ps7_0_50M_0.dcp' for cell 'design_final_i/rst_ps7_0_50M'
INFO: [Project 1-454] Reading design checkpoint 'c:/Users/Python/Desktop/sdup/simple_speech_recognition/project_final/project_final.gen/sources_1/bd/design_final/ip/design_final_top_ssr_0_0/design_final_top_ssr_0_0.dcp' for cell 'design_final_i/top_ssr_0'
INFO: [Project 1-454] Reading design checkpoint 'c:/Users/Python/Desktop/sdup/simple_speech_recognition/project_final/project_final.gen/sources_1/bd/design_final/ip/design_final_xbar_0/design_final_xbar_0.dcp' for cell 'design_final_i/ps7_0_axi_periph/xbar'
INFO: [Project 1-454] Reading design checkpoint 'c:/Users/Python/Desktop/sdup/simple_speech_recognition/project_final/project_final.gen/sources_1/bd/design_final/ip/design_final_auto_pc_0/design_final_auto_pc_0.dcp' for cell 'design_final_i/ps7_0_axi_periph/s00_couplers/auto_pc'
Netlist sorting complete. Time (s): cpu = 00:00:00 ; elapsed = 00:00:00.458 . Memory (MB): peak = 983.160 ; gain = 0.000
INFO: [Netlist 29-17] Analyzing 14435 Unisim elements for replacement
INFO: [Netlist 29-28] Unisim Transformation completed in 0 CPU seconds
INFO: [Project 1-479] Netlist was created with Vivado 2023.2
INFO: [Project 1-570] Preparing netlist for logic optimization
Parsing XDC File [c:/Users/Python/Desktop/sdup/simple_speech_recognition/project_final/project_final.gen/sources_1/bd/design_final/ip/design_final_processing_system7_0_0/design_final_processing_system7_0_0.xdc] for cell 'design_final_i/processing_system7_0/inst'
Finished Parsing XDC File [c:/Users/Python/Desktop/sdup/simple_speech_recognition/project_final/project_final.gen/sources_1/bd/design_final/ip/design_final_processing_system7_0_0/design_final_processing_system7_0_0.xdc] for cell 'design_final_i/processing_system7_0/inst'
Parsing XDC File [c:/Users/Python/Desktop/sdup/simple_speech_recognition/project_final/project_final.gen/sources_1/bd/design_final/ip/design_final_axi_gpio_0_0/design_final_axi_gpio_0_0_board.xdc] for cell 'design_final_i/axi_gpio_0/U0'
Finished Parsing XDC File [c:/Users/Python/Desktop/sdup/simple_speech_recognition/project_final/project_final.gen/sources_1/bd/design_final/ip/design_final_axi_gpio_0_0/design_final_axi_gpio_0_0_board.xdc] for cell 'design_final_i/axi_gpio_0/U0'
Parsing XDC File [c:/Users/Python/Desktop/sdup/simple_speech_recognition/project_final/project_final.gen/sources_1/bd/design_final/ip/design_final_axi_gpio_0_0/design_final_axi_gpio_0_0.xdc] for cell 'design_final_i/axi_gpio_0/U0'
Finished Parsing XDC File [c:/Users/Python/Desktop/sdup/simple_speech_recognition/project_final/project_final.gen/sources_1/bd/design_final/ip/design_final_axi_gpio_0_0/design_final_axi_gpio_0_0.xdc] for cell 'design_final_i/axi_gpio_0/U0'
Parsing XDC File [c:/Users/Python/Desktop/sdup/simple_speech_recognition/project_final/project_final.gen/sources_1/bd/design_final/ip/design_final_rst_ps7_0_50M_0/design_final_rst_ps7_0_50M_0_board.xdc] for cell 'design_final_i/rst_ps7_0_50M/U0'
Finished Parsing XDC File [c:/Users/Python/Desktop/sdup/simple_speech_recognition/project_final/project_final.gen/sources_1/bd/design_final/ip/design_final_rst_ps7_0_50M_0/design_final_rst_ps7_0_50M_0_board.xdc] for cell 'design_final_i/rst_ps7_0_50M/U0'
Parsing XDC File [c:/Users/Python/Desktop/sdup/simple_speech_recognition/project_final/project_final.gen/sources_1/bd/design_final/ip/design_final_rst_ps7_0_50M_0/design_final_rst_ps7_0_50M_0.xdc] for cell 'design_final_i/rst_ps7_0_50M/U0'
Finished Parsing XDC File [c:/Users/Python/Desktop/sdup/simple_speech_recognition/project_final/project_final.gen/sources_1/bd/design_final/ip/design_final_rst_ps7_0_50M_0/design_final_rst_ps7_0_50M_0.xdc] for cell 'design_final_i/rst_ps7_0_50M/U0'
Parsing XDC File [C:/Users/Python/Desktop/sdup/simple_speech_recognition/project_final/design_ssr_zedboard_5btn.xdc]
Finished Parsing XDC File [C:/Users/Python/Desktop/sdup/simple_speech_recognition/project_final/design_ssr_zedboard_5btn.xdc]
INFO: [Opt 31-138] Pushed 0 inverter(s) to 0 load pin(s).
Netlist sorting complete. Time (s): cpu = 00:00:00 ; elapsed = 00:00:00.012 . Memory (MB): peak = 1156.000 ; gain = 0.000
INFO: [Project 1-111] Unisim Transformation Summary:
No Unisim elements were transformed.

The system cannot find the path specified.
16 Infos, 1 Warnings, 0 Critical Warnings and 0 Errors encountered.
link_design completed successfully
link_design: Time (s): cpu = 00:00:17 ; elapsed = 00:02:19 . Memory (MB): peak = 1156.000 ; gain = 667.434
Command: opt_design
Attempting to get a license for feature 'Implementation' and/or device 'xc7z020'
INFO: [Common 17-349] Got license for feature 'Implementation' and/or device 'xc7z020'
Running DRC as a precondition to command opt_design

Starting DRC Task
INFO: [DRC 23-27] Running DRC with 2 threads
INFO: [Project 1-461] DRC finished with 0 Errors
INFO: [Project 1-462] Please refer to the DRC report (report_drc) for more information.

Time (s): cpu = 00:00:02 ; elapsed = 00:00:11 . Memory (MB): peak = 1165.098 ; gain = 9.098

Starting Cache Timing Information Task
INFO: [Timing 38-35] Done setting XDC timing constraints.
Ending Cache Timing Information Task | Checksum: 162a9879f

Time (s): cpu = 00:00:10 ; elapsed = 00:00:35 . Memory (MB): peak = 1791.934 ; gain = 626.836

Starting Logic Optimization Task

Phase 1 Initialization

Phase 1.1 Core Generation And Design Setup
Phase 1.1 Core Generation And Design Setup | Checksum: 162a9879f

Time (s): cpu = 00:00:01 ; elapsed = 00:00:00.592 . Memory (MB): peak = 2157.672 ; gain = 0.000

Phase 1.2 Setup Constraints And Sort Netlist
Phase 1.2 Setup Constraints And Sort Netlist | Checksum: 162a9879f

Time (s): cpu = 00:00:01 ; elapsed = 00:00:01 . Memory (MB): peak = 2157.672 ; gain = 0.000
Phase 1 Initialization | Checksum: 162a9879f

Time (s): cpu = 00:00:01 ; elapsed = 00:00:01 . Memory (MB): peak = 2157.672 ; gain = 0.000

Phase 2 Timer Update And Timing Data Collection

Phase 2.1 Timer Update
Phase 2.1 Timer Update | Checksum: 162a9879f

Time (s): cpu = 00:00:03 ; elapsed = 00:00:04 . Memory (MB): peak = 2157.672 ; gain = 0.000

Phase 2.2 Timing Data Collection
Phase 2.2 Timing Data Collection | Checksum: 162a9879f

Time (s): cpu = 00:00:03 ; elapsed = 00:00:05 . Memory (MB): peak = 2157.672 ; gain = 0.000
Phase 2 Timer Update And Timing Data Collection | Checksum: 162a9879f

Time (s): cpu = 00:00:03 ; elapsed = 00:00:05 . Memory (MB): peak = 2157.672 ; gain = 0.000

Phase 3 Retarget
INFO: [Opt 31-1566] Pulled 75 inverters resulting in an inversion of 490 pins
INFO: [Opt 31-138] Pushed 0 inverter(s) to 0 load pin(s).
INFO: [Opt 31-49] Retargeted 0 cell(s).
Phase 3 Retarget | Checksum: 139cebe83

Time (s): cpu = 00:00:04 ; elapsed = 00:00:28 . Memory (MB): peak = 2157.672 ; gain = 0.000
Retarget | Checksum: 139cebe83
INFO: [Opt 31-389] Phase Retarget created 746 cells and removed 850 cells
INFO: [Opt 31-1021] In phase Retarget, 5 netlist objects are constrained preventing optimization. Please run opt_design with -debug_log to get more detail. 

Phase 4 Constant propagation
INFO: [Opt 31-138] Pushed 0 inverter(s) to 0 load pin(s).
Phase 4 Constant propagation | Checksum: 1a85de58c

Time (s): cpu = 00:00:05 ; elapsed = 00:00:29 . Memory (MB): peak = 2157.672 ; gain = 0.000
Constant propagation | Checksum: 1a85de58c
INFO: [Opt 31-389] Phase Constant propagation created 0 cells and removed 0 cells

Phase 5 Sweep
Phase 5 Sweep | Checksum: 122d1cbcd

Time (s): cpu = 00:00:06 ; elapsed = 00:00:31 . Memory (MB): peak = 2157.672 ; gain = 0.000
Sweep | Checksum: 122d1cbcd
INFO: [Opt 31-389] Phase Sweep created 0 cells and removed 67 cells

Phase 6 BUFG optimization
Phase 6 BUFG optimization | Checksum: 122d1cbcd

Time (s): cpu = 00:00:07 ; elapsed = 00:00:32 . Memory (MB): peak = 2157.672 ; gain = 0.000
BUFG optimization | Checksum: 122d1cbcd
INFO: [Opt 31-662] Phase BUFG optimization created 0 cells of which 0 are BUFGs and removed 0 cells.

Phase 7 Shift Register Optimization
WARNING: [Opt 31-1131] Can not pull register out from design_final_i/ps7_0_axi_periph/s00_couplers/auto_pc/inst/gen_axilite.gen_b2s_conv.axilite_b2s/RD.r_channel_0/rd_data_fifo_0/memory_reg[31][0]_srl32 due to none static srl address bits
WARNING: [Opt 31-1131] Can not pull register out from design_final_i/ps7_0_axi_periph/s00_couplers/auto_pc/inst/gen_axilite.gen_b2s_conv.axilite_b2s/RD.r_channel_0/rd_data_fifo_0/memory_reg[31][10]_srl32 due to none static srl address bits
WARNING: [Opt 31-1131] Can not pull register out from design_final_i/ps7_0_axi_periph/s00_couplers/auto_pc/inst/gen_axilite.gen_b2s_conv.axilite_b2s/RD.r_channel_0/rd_data_fifo_0/memory_reg[31][11]_srl32 due to none static srl address bits
WARNING: [Opt 31-1131] Can not pull register out from design_final_i/ps7_0_axi_periph/s00_couplers/auto_pc/inst/gen_axilite.gen_b2s_conv.axilite_b2s/RD.r_channel_0/rd_data_fifo_0/memory_reg[31][12]_srl32 due to none static srl address bits
WARNING: [Opt 31-1131] Can not pull register out from design_final_i/ps7_0_axi_periph/s00_couplers/auto_pc/inst/gen_axilite.gen_b2s_conv.axilite_b2s/RD.r_channel_0/rd_data_fifo_0/memory_reg[31][13]_srl32 due to none static srl address bits
WARNING: [Opt 31-1131] Can not pull register out from design_final_i/ps7_0_axi_periph/s00_couplers/auto_pc/inst/gen_axilite.gen_b2s_conv.axilite_b2s/RD.r_channel_0/rd_data_fifo_0/memory_reg[31][14]_srl32 due to none static srl address bits
WARNING: [Opt 31-1131] Can not pull register out from design_final_i/ps7_0_axi_periph/s00_couplers/auto_pc/inst/gen_axilite.gen_b2s_conv.axilite_b2s/RD.r_channel_0/rd_data_fifo_0/memory_reg[31][15]_srl32 due to none static srl address bits
WARNING: [Opt 31-1131] Can not pull register out from design_final_i/ps7_0_axi_periph/s00_couplers/auto_pc/inst/gen_axilite.gen_b2s_conv.axilite_b2s/RD.r_channel_0/rd_data_fifo_0/memory_reg[31][16]_srl32 due to none static srl address bits
WARNING: [Opt 31-1131] Can not pull register out from design_final_i/ps7_0_axi_periph/s00_couplers/auto_pc/inst/gen_axilite.gen_b2s_conv.axilite_b2s/RD.r_channel_0/rd_data_fifo_0/memory_reg[31][17]_srl32 due to none static srl address bits
WARNING: [Opt 31-1131] Can not pull register out from design_final_i/ps7_0_axi_periph/s00_couplers/auto_pc/inst/gen_axilite.gen_b2s_conv.axilite_b2s/RD.r_channel_0/rd_data_fifo_0/memory_reg[31][18]_srl32 due to none static srl address bits
WARNING: [Opt 31-1131] Can not pull register out from design_final_i/ps7_0_axi_periph/s00_couplers/auto_pc/inst/gen_axilite.gen_b2s_conv.axilite_b2s/RD.r_channel_0/rd_data_fifo_0/memory_reg[31][19]_srl32 due to none static srl address bits
WARNING: [Opt 31-1131] Can not pull register out from design_final_i/ps7_0_axi_periph/s00_couplers/auto_pc/inst/gen_axilite.gen_b2s_conv.axilite_b2s/RD.r_channel_0/rd_data_fifo_0/memory_reg[31][1]_srl32 due to none static srl address bits
WARNING: [Opt 31-1131] Can not pull register out from design_final_i/ps7_0_axi_periph/s00_couplers/auto_pc/inst/gen_axilite.gen_b2s_conv.axilite_b2s/RD.r_channel_0/rd_data_fifo_0/memory_reg[31][20]_srl32 due to none static srl address bits
WARNING: [Opt 31-1131] Can not pull register out from design_final_i/ps7_0_axi_periph/s00_couplers/auto_pc/inst/gen_axilite.gen_b2s_conv.axilite_b2s/RD.r_channel_0/rd_data_fifo_0/memory_reg[31][21]_srl32 due to none static srl address bits
WARNING: [Opt 31-1131] Can not pull register out from design_final_i/ps7_0_axi_periph/s00_couplers/auto_pc/inst/gen_axilite.gen_b2s_conv.axilite_b2s/RD.r_channel_0/rd_data_fifo_0/memory_reg[31][22]_srl32 due to none static srl address bits
WARNING: [Opt 31-1131] Can not pull register out from design_final_i/ps7_0_axi_periph/s00_couplers/auto_pc/inst/gen_axilite.gen_b2s_conv.axilite_b2s/RD.r_channel_0/rd_data_fifo_0/memory_reg[31][23]_srl32 due to none static srl address bits
WARNING: [Opt 31-1131] Can not pull register out from design_final_i/ps7_0_axi_periph/s00_couplers/auto_pc/inst/gen_axilite.gen_b2s_conv.axilite_b2s/RD.r_channel_0/rd_data_fifo_0/memory_reg[31][24]_srl32 due to none static srl address bits
WARNING: [Opt 31-1131] Can not pull register out from design_final_i/ps7_0_axi_periph/s00_couplers/auto_pc/inst/gen_axilite.gen_b2s_conv.axilite_b2s/RD.r_channel_0/rd_data_fifo_0/memory_reg[31][25]_srl32 due to none static srl address bits
WARNING: [Opt 31-1131] Can not pull register out from design_final_i/ps7_0_axi_periph/s00_couplers/auto_pc/inst/gen_axilite.gen_b2s_conv.axilite_b2s/RD.r_channel_0/rd_data_fifo_0/memory_reg[31][26]_srl32 due to none static srl address bits
WARNING: [Opt 31-1131] Can not pull register out from design_final_i/ps7_0_axi_periph/s00_couplers/auto_pc/inst/gen_axilite.gen_b2s_conv.axilite_b2s/RD.r_channel_0/rd_data_fifo_0/memory_reg[31][27]_srl32 due to none static srl address bits
WARNING: [Opt 31-1131] Can not pull register out from design_final_i/ps7_0_axi_periph/s00_couplers/auto_pc/inst/gen_axilite.gen_b2s_conv.axilite_b2s/RD.r_channel_0/rd_data_fifo_0/memory_reg[31][28]_srl32 due to none static srl address bits
WARNING: [Opt 31-1131] Can not pull register out from design_final_i/ps7_0_axi_periph/s00_couplers/auto_pc/inst/gen_axilite.gen_b2s_conv.axilite_b2s/RD.r_channel_0/rd_data_fifo_0/memory_reg[31][29]_srl32 due to none static srl address bits
WARNING: [Opt 31-1131] Can not pull register out from design_final_i/ps7_0_axi_periph/s00_couplers/auto_pc/inst/gen_axilite.gen_b2s_conv.axilite_b2s/RD.r_channel_0/rd_data_fifo_0/memory_reg[31][2]_srl32 due to none static srl address bits
WARNING: [Opt 31-1131] Can not pull register out from design_final_i/ps7_0_axi_periph/s00_couplers/auto_pc/inst/gen_axilite.gen_b2s_conv.axilite_b2s/RD.r_channel_0/rd_data_fifo_0/memory_reg[31][30]_srl32 due to none static srl address bits
WARNING: [Opt 31-1131] Can not pull register out from design_final_i/ps7_0_axi_periph/s00_couplers/auto_pc/inst/gen_axilite.gen_b2s_conv.axilite_b2s/RD.r_channel_0/rd_data_fifo_0/memory_reg[31][31]_srl32 due to none static srl address bits
WARNING: [Opt 31-1131] Can not pull register out from design_final_i/ps7_0_axi_periph/s00_couplers/auto_pc/inst/gen_axilite.gen_b2s_conv.axilite_b2s/RD.r_channel_0/rd_data_fifo_0/memory_reg[31][32]_srl32 due to none static srl address bits
WARNING: [Opt 31-1131] Can not pull register out from design_final_i/ps7_0_axi_periph/s00_couplers/auto_pc/inst/gen_axilite.gen_b2s_conv.axilite_b2s/RD.r_channel_0/rd_data_fifo_0/memory_reg[31][33]_srl32 due to none static srl address bits
WARNING: [Opt 31-1131] Can not pull register out from design_final_i/ps7_0_axi_periph/s00_couplers/auto_pc/inst/gen_axilite.gen_b2s_conv.axilite_b2s/RD.r_channel_0/rd_data_fifo_0/memory_reg[31][3]_srl32 due to none static srl address bits
WARNING: [Opt 31-1131] Can not pull register out from design_final_i/ps7_0_axi_periph/s00_couplers/auto_pc/inst/gen_axilite.gen_b2s_conv.axilite_b2s/RD.r_channel_0/rd_data_fifo_0/memory_reg[31][4]_srl32 due to none static srl address bits
WARNING: [Opt 31-1131] Can not pull register out from design_final_i/ps7_0_axi_periph/s00_couplers/auto_pc/inst/gen_axilite.gen_b2s_conv.axilite_b2s/RD.r_channel_0/rd_data_fifo_0/memory_reg[31][5]_srl32 due to none static srl address bits
WARNING: [Opt 31-1131] Can not pull register out from design_final_i/ps7_0_axi_periph/s00_couplers/auto_pc/inst/gen_axilite.gen_b2s_conv.axilite_b2s/RD.r_channel_0/rd_data_fifo_0/memory_reg[31][6]_srl32 due to none static srl address bits
WARNING: [Opt 31-1131] Can not pull register out from design_final_i/ps7_0_axi_periph/s00_couplers/auto_pc/inst/gen_axilite.gen_b2s_conv.axilite_b2s/RD.r_channel_0/rd_data_fifo_0/memory_reg[31][7]_srl32 due to none static srl address bits
WARNING: [Opt 31-1131] Can not pull register out from design_final_i/ps7_0_axi_periph/s00_couplers/auto_pc/inst/gen_axilite.gen_b2s_conv.axilite_b2s/RD.r_channel_0/rd_data_fifo_0/memory_reg[31][8]_srl32 due to none static srl address bits
WARNING: [Opt 31-1131] Can not pull register out from design_final_i/ps7_0_axi_periph/s00_couplers/auto_pc/inst/gen_axilite.gen_b2s_conv.axilite_b2s/RD.r_channel_0/rd_data_fifo_0/memory_reg[31][9]_srl32 due to none static srl address bits
WARNING: [Opt 31-1131] Can not pull register out from design_final_i/ps7_0_axi_periph/s00_couplers/auto_pc/inst/gen_axilite.gen_b2s_conv.axilite_b2s/RD.r_channel_0/transaction_fifo_0/memory_reg[31][0]_srl32 due to none static srl address bits
WARNING: [Opt 31-1131] Can not pull register out from design_final_i/ps7_0_axi_periph/s00_couplers/auto_pc/inst/gen_axilite.gen_b2s_conv.axilite_b2s/RD.r_channel_0/transaction_fifo_0/memory_reg[31][10]_srl32 due to none static srl address bits
WARNING: [Opt 31-1131] Can not pull register out from design_final_i/ps7_0_axi_periph/s00_couplers/auto_pc/inst/gen_axilite.gen_b2s_conv.axilite_b2s/RD.r_channel_0/transaction_fifo_0/memory_reg[31][11]_srl32 due to none static srl address bits
WARNING: [Opt 31-1131] Can not pull register out from design_final_i/ps7_0_axi_periph/s00_couplers/auto_pc/inst/gen_axilite.gen_b2s_conv.axilite_b2s/RD.r_channel_0/transaction_fifo_0/memory_reg[31][12]_srl32 due to none static srl address bits
WARNING: [Opt 31-1131] Can not pull register out from design_final_i/ps7_0_axi_periph/s00_couplers/auto_pc/inst/gen_axilite.gen_b2s_conv.axilite_b2s/RD.r_channel_0/transaction_fifo_0/memory_reg[31][1]_srl32 due to none static srl address bits
WARNING: [Opt 31-1131] Can not pull register out from design_final_i/ps7_0_axi_periph/s00_couplers/auto_pc/inst/gen_axilite.gen_b2s_conv.axilite_b2s/RD.r_channel_0/transaction_fifo_0/memory_reg[31][2]_srl32 due to none static srl address bits
WARNING: [Opt 31-1131] Can not pull register out from design_final_i/ps7_0_axi_periph/s00_couplers/auto_pc/inst/gen_axilite.gen_b2s_conv.axilite_b2s/RD.r_channel_0/transaction_fifo_0/memory_reg[31][3]_srl32 due to none static srl address bits
WARNING: [Opt 31-1131] Can not pull register out from design_final_i/ps7_0_axi_periph/s00_couplers/auto_pc/inst/gen_axilite.gen_b2s_conv.axilite_b2s/RD.r_channel_0/transaction_fifo_0/memory_reg[31][4]_srl32 due to none static srl address bits
WARNING: [Opt 31-1131] Can not pull register out from design_final_i/ps7_0_axi_periph/s00_couplers/auto_pc/inst/gen_axilite.gen_b2s_conv.axilite_b2s/RD.r_channel_0/transaction_fifo_0/memory_reg[31][5]_srl32 due to none static srl address bits
WARNING: [Opt 31-1131] Can not pull register out from design_final_i/ps7_0_axi_periph/s00_couplers/auto_pc/inst/gen_axilite.gen_b2s_conv.axilite_b2s/RD.r_channel_0/transaction_fifo_0/memory_reg[31][6]_srl32 due to none static srl address bits
WARNING: [Opt 31-1131] Can not pull register out from design_final_i/ps7_0_axi_periph/s00_couplers/auto_pc/inst/gen_axilite.gen_b2s_conv.axilite_b2s/RD.r_channel_0/transaction_fifo_0/memory_reg[31][7]_srl32 due to none static srl address bits
WARNING: [Opt 31-1131] Can not pull register out from design_final_i/ps7_0_axi_periph/s00_couplers/auto_pc/inst/gen_axilite.gen_b2s_conv.axilite_b2s/RD.r_channel_0/transaction_fifo_0/memory_reg[31][8]_srl32 due to none static srl address bits
WARNING: [Opt 31-1131] Can not pull register out from design_final_i/ps7_0_axi_periph/s00_couplers/auto_pc/inst/gen_axilite.gen_b2s_conv.axilite_b2s/RD.r_channel_0/transaction_fifo_0/memory_reg[31][9]_srl32 due to none static srl address bits
WARNING: [Opt 31-1131] Can not pull register out from design_final_i/ps7_0_axi_periph/s00_couplers/auto_pc/inst/gen_axilite.gen_b2s_conv.axilite_b2s/WR.b_channel_0/bid_fifo_0/memory_reg[3][0]_srl4 due to none static srl address bits
WARNING: [Opt 31-1131] Can not pull register out from design_final_i/ps7_0_axi_periph/s00_couplers/auto_pc/inst/gen_axilite.gen_b2s_conv.axilite_b2s/WR.b_channel_0/bid_fifo_0/memory_reg[3][10]_srl4 due to none static srl address bits
WARNING: [Opt 31-1131] Can not pull register out from design_final_i/ps7_0_axi_periph/s00_couplers/auto_pc/inst/gen_axilite.gen_b2s_conv.axilite_b2s/WR.b_channel_0/bid_fifo_0/memory_reg[3][11]_srl4 due to none static srl address bits
WARNING: [Opt 31-1131] Can not pull register out from design_final_i/ps7_0_axi_periph/s00_couplers/auto_pc/inst/gen_axilite.gen_b2s_conv.axilite_b2s/WR.b_channel_0/bid_fifo_0/memory_reg[3][12]_srl4 due to none static srl address bits
WARNING: [Opt 31-1131] Can not pull register out from design_final_i/ps7_0_axi_periph/s00_couplers/auto_pc/inst/gen_axilite.gen_b2s_conv.axilite_b2s/WR.b_channel_0/bid_fifo_0/memory_reg[3][13]_srl4 due to none static srl address bits
WARNING: [Opt 31-1131] Can not pull register out from design_final_i/ps7_0_axi_periph/s00_couplers/auto_pc/inst/gen_axilite.gen_b2s_conv.axilite_b2s/WR.b_channel_0/bid_fifo_0/memory_reg[3][14]_srl4 due to none static srl address bits
WARNING: [Opt 31-1131] Can not pull register out from design_final_i/ps7_0_axi_periph/s00_couplers/auto_pc/inst/gen_axilite.gen_b2s_conv.axilite_b2s/WR.b_channel_0/bid_fifo_0/memory_reg[3][15]_srl4 due to none static srl address bits
WARNING: [Opt 31-1131] Can not pull register out from design_final_i/ps7_0_axi_periph/s00_couplers/auto_pc/inst/gen_axilite.gen_b2s_conv.axilite_b2s/WR.b_channel_0/bid_fifo_0/memory_reg[3][16]_srl4 due to none static srl address bits
WARNING: [Opt 31-1131] Can not pull register out from design_final_i/ps7_0_axi_periph/s00_couplers/auto_pc/inst/gen_axilite.gen_b2s_conv.axilite_b2s/WR.b_channel_0/bid_fifo_0/memory_reg[3][17]_srl4 due to none static srl address bits
WARNING: [Opt 31-1131] Can not pull register out from design_final_i/ps7_0_axi_periph/s00_couplers/auto_pc/inst/gen_axilite.gen_b2s_conv.axilite_b2s/WR.b_channel_0/bid_fifo_0/memory_reg[3][18]_srl4 due to none static srl address bits
WARNING: [Opt 31-1131] Can not pull register out from design_final_i/ps7_0_axi_periph/s00_couplers/auto_pc/inst/gen_axilite.gen_b2s_conv.axilite_b2s/WR.b_channel_0/bid_fifo_0/memory_reg[3][19]_srl4 due to none static srl address bits
WARNING: [Opt 31-1131] Can not pull register out from design_final_i/ps7_0_axi_periph/s00_couplers/auto_pc/inst/gen_axilite.gen_b2s_conv.axilite_b2s/WR.b_channel_0/bid_fifo_0/memory_reg[3][1]_srl4 due to none static srl address bits
WARNING: [Opt 31-1131] Can not pull register out from design_final_i/ps7_0_axi_periph/s00_couplers/auto_pc/inst/gen_axilite.gen_b2s_conv.axilite_b2s/WR.b_channel_0/bid_fifo_0/memory_reg[3][2]_srl4 due to none static srl address bits
WARNING: [Opt 31-1131] Can not pull register out from design_final_i/ps7_0_axi_periph/s00_couplers/auto_pc/inst/gen_axilite.gen_b2s_conv.axilite_b2s/WR.b_channel_0/bid_fifo_0/memory_reg[3][3]_srl4 due to none static srl address bits
WARNING: [Opt 31-1131] Can not pull register out from design_final_i/ps7_0_axi_periph/s00_couplers/auto_pc/inst/gen_axilite.gen_b2s_conv.axilite_b2s/WR.b_channel_0/bid_fifo_0/memory_reg[3][8]_srl4 due to none static srl address bits
WARNING: [Opt 31-1131] Can not pull register out from design_final_i/ps7_0_axi_periph/s00_couplers/auto_pc/inst/gen_axilite.gen_b2s_conv.axilite_b2s/WR.b_channel_0/bid_fifo_0/memory_reg[3][9]_srl4 due to none static srl address bits
WARNING: [Opt 31-1131] Can not pull register out from design_final_i/ps7_0_axi_periph/s00_couplers/auto_pc/inst/gen_axilite.gen_b2s_conv.axilite_b2s/WR.b_channel_0/bresp_fifo_0/memory_reg[3][0]_srl4 due to none static srl address bits
WARNING: [Opt 31-1131] Can not pull register out from design_final_i/ps7_0_axi_periph/s00_couplers/auto_pc/inst/gen_axilite.gen_b2s_conv.axilite_b2s/WR.b_channel_0/bresp_fifo_0/memory_reg[3][1]_srl4 due to none static srl address bits
INFO: [Opt 31-1064] SRL Remap converted 0 SRLs to 0 registers and converted 0 registers of register chains to 0 SRLs
Phase 7 Shift Register Optimization | Checksum: 122d1cbcd

Time (s): cpu = 00:00:07 ; elapsed = 00:00:32 . Memory (MB): peak = 2157.672 ; gain = 0.000
Shift Register Optimization | Checksum: 122d1cbcd
INFO: [Opt 31-389] Phase Shift Register Optimization created 0 cells and removed 0 cells

Phase 8 Post Processing Netlist
Phase 8 Post Processing Netlist | Checksum: 120e77088

Time (s): cpu = 00:00:07 ; elapsed = 00:00:33 . Memory (MB): peak = 2157.672 ; gain = 0.000
Post Processing Netlist | Checksum: 120e77088
INFO: [Opt 31-389] Phase Post Processing Netlist created 0 cells and removed 0 cells

Phase 9 Finalization

Phase 9.1 Finalizing Design Cores and Updating Shapes
Phase 9.1 Finalizing Design Cores and Updating Shapes | Checksum: 1e1ab65b7

Time (s): cpu = 00:00:08 ; elapsed = 00:00:34 . Memory (MB): peak = 2157.672 ; gain = 0.000

Phase 9.2 Verifying Netlist Connectivity

Starting Connectivity Check Task

Time (s): cpu = 00:00:00 ; elapsed = 00:00:00.252 . Memory (MB): peak = 2157.672 ; gain = 0.000
Phase 9.2 Verifying Netlist Connectivity | Checksum: 1e1ab65b7

Time (s): cpu = 00:00:08 ; elapsed = 00:00:34 . Memory (MB): peak = 2157.672 ; gain = 0.000
Phase 9 Finalization | Checksum: 1e1ab65b7

Time (s): cpu = 00:00:08 ; elapsed = 00:00:34 . Memory (MB): peak = 2157.672 ; gain = 0.000
Opt_design Change Summary
=========================


-------------------------------------------------------------------------------------------------------------------------
|  Phase                        |  #Cells created  |  #Cells Removed  |  #Constrained objects preventing optimizations  |
-------------------------------------------------------------------------------------------------------------------------
|  Retarget                     |             746  |             850  |                                              5  |
|  Constant propagation         |               0  |               0  |                                              0  |
|  Sweep                        |               0  |              67  |                                              0  |
|  BUFG optimization            |               0  |               0  |                                              0  |
|  Shift Register Optimization  |               0  |               0  |                                              0  |
|  Post Processing Netlist      |               0  |               0  |                                              0  |
-------------------------------------------------------------------------------------------------------------------------


Ending Logic Optimization Task | Checksum: 1e1ab65b7

Time (s): cpu = 00:00:08 ; elapsed = 00:00:34 . Memory (MB): peak = 2157.672 ; gain = 0.000
INFO: [Constraints 18-11670] Building netlist checker database with flags, 0x8
Done building netlist checker database: Time (s): cpu = 00:00:00 ; elapsed = 00:00:00.050 . Memory (MB): peak = 2157.672 ; gain = 0.000

Starting Power Optimization Task
INFO: [Pwropt 34-132] Skipping clock gating for clocks with a period < 2.00 ns.
INFO: [Pwropt 34-9] Applying IDT optimizations ...
INFO: [Pwropt 34-10] Applying ODC optimizations ...
INFO: [Timing 38-35] Done setting XDC timing constraints.
Running Vector-less Activity Propagation...

Finished Running Vector-less Activity Propagation


Starting PowerOpt Patch Enables Task
INFO: [Pwropt 34-162] WRITE_MODE attribute of 0 BRAM(s) out of a total of 1 has been updated to save power. Run report_power_opt to get a complete listing of the BRAMs updated.
INFO: [Pwropt 34-201] Structural ODC has moved 0 WE to EN ports
Number of BRAM Ports augmented: 0 newly gated: 0 Total Ports: 2
Ending PowerOpt Patch Enables Task | Checksum: 1e1ab65b7

Time (s): cpu = 00:00:00 ; elapsed = 00:00:00.565 . Memory (MB): peak = 2407.539 ; gain = 0.000
Ending Power Optimization Task | Checksum: 1e1ab65b7

Time (s): cpu = 00:00:16 ; elapsed = 00:00:37 . Memory (MB): peak = 2407.539 ; gain = 249.867

Starting Final Cleanup Task
Ending Final Cleanup Task | Checksum: 1e1ab65b7

Time (s): cpu = 00:00:00 ; elapsed = 00:00:00.015 . Memory (MB): peak = 2407.539 ; gain = 0.000

Starting Netlist Obfuscation Task
Netlist sorting complete. Time (s): cpu = 00:00:00 ; elapsed = 00:00:00.020 . Memory (MB): peak = 2407.539 ; gain = 0.000
Ending Netlist Obfuscation Task | Checksum: 1e1ab65b7

Time (s): cpu = 00:00:00 ; elapsed = 00:00:00.052 . Memory (MB): peak = 2407.539 ; gain = 0.000
INFO: [Common 17-83] Releasing license: Implementation
41 Infos, 66 Warnings, 0 Critical Warnings and 0 Errors encountered.
opt_design completed successfully
opt_design: Time (s): cpu = 00:00:38 ; elapsed = 00:02:21 . Memory (MB): peak = 2407.539 ; gain = 1251.539
INFO: [runtcl-4] Executing : report_drc -file design_final_wrapper_drc_opted.rpt -pb design_final_wrapper_drc_opted.pb -rpx design_final_wrapper_drc_opted.rpx
Command: report_drc -file design_final_wrapper_drc_opted.rpt -pb design_final_wrapper_drc_opted.pb -rpx design_final_wrapper_drc_opted.rpx
INFO: [IP_Flow 19-1839] IP Catalog is up to date.
INFO: [DRC 23-27] Running DRC with 2 threads
INFO: [Vivado_Tcl 2-168] The results of DRC are in file C:/Users/Python/Desktop/sdup/simple_speech_recognition/project_final/project_final.runs/impl_1/design_final_wrapper_drc_opted.rpt.
report_drc completed successfully
report_drc: Time (s): cpu = 00:00:06 ; elapsed = 00:00:38 . Memory (MB): peak = 2407.539 ; gain = 0.000
INFO: [Timing 38-480] Writing timing data to binary archive.
Wrote PlaceDB: Time (s): cpu = 00:00:00 ; elapsed = 00:00:00.054 . Memory (MB): peak = 2407.539 ; gain = 0.000
Wrote PulsedLatchDB: Time (s): cpu = 00:00:00 ; elapsed = 00:00:00.006 . Memory (MB): peak = 2407.539 ; gain = 0.000
Writing XDEF routing.
Write ShapeDB Complete: Time (s): cpu = 00:00:00 ; elapsed = 00:00:00.311 . Memory (MB): peak = 2407.539 ; gain = 0.000
Writing XDEF routing logical nets.
Writing XDEF routing special nets.
Wrote RouteStorage: Time (s): cpu = 00:00:03 ; elapsed = 00:00:03 . Memory (MB): peak = 2407.539 ; gain = 0.000
Wrote Netlist Cache: Time (s): cpu = 00:00:00 ; elapsed = 00:00:00.005 . Memory (MB): peak = 2407.539 ; gain = 0.000
Wrote Device Cache: Time (s): cpu = 00:00:00 ; elapsed = 00:00:00.174 . Memory (MB): peak = 2407.539 ; gain = 0.000
Write Physdb Complete: Time (s): cpu = 00:00:03 ; elapsed = 00:00:04 . Memory (MB): peak = 2407.539 ; gain = 0.000
INFO: [Common 17-1381] The checkpoint 'C:/Users/Python/Desktop/sdup/simple_speech_recognition/project_final/project_final.runs/impl_1/design_final_wrapper_opt.dcp' has been generated.
write_checkpoint: Time (s): cpu = 00:00:06 ; elapsed = 00:01:15 . Memory (MB): peak = 2407.539 ; gain = 0.000
Command: place_design
Attempting to get a license for feature 'Implementation' and/or device 'xc7z020'
INFO: [Common 17-349] Got license for feature 'Implementation' and/or device 'xc7z020'
INFO: [Common 17-83] Releasing license: Implementation
INFO: [DRC 23-27] Running DRC with 2 threads
INFO: [Vivado_Tcl 4-198] DRC finished with 0 Errors
INFO: [Vivado_Tcl 4-199] Please refer to the DRC report (report_drc) for more information.
Running DRC as a precondition to command place_design
INFO: [DRC 23-27] Running DRC with 2 threads
INFO: [Vivado_Tcl 4-198] DRC finished with 0 Errors
INFO: [Vivado_Tcl 4-199] Please refer to the DRC report (report_drc) for more information.
INFO: [Place 30-611] Multithreading enabled for place_design using a maximum of 2 CPUs

Starting Placer Task

Phase 1 Placer Initialization

Phase 1.1 Placer Initialization Netlist Sorting
Netlist sorting complete. Time (s): cpu = 00:00:00 ; elapsed = 00:00:00.020 . Memory (MB): peak = 2407.539 ; gain = 0.000
Phase 1.1 Placer Initialization Netlist Sorting | Checksum: 13d163521

Time (s): cpu = 00:00:01 ; elapsed = 00:00:00.271 . Memory (MB): peak = 2407.539 ; gain = 0.000
Netlist sorting complete. Time (s): cpu = 00:00:00 ; elapsed = 00:00:00.016 . Memory (MB): peak = 2407.539 ; gain = 0.000

Phase 1.2 IO Placement/ Clock Placement/ Build Placer Device
INFO: [Timing 38-35] Done setting XDC timing constraints.
Phase 1.2 IO Placement/ Clock Placement/ Build Placer Device | Checksum: 134100a86

Time (s): cpu = 00:00:08 ; elapsed = 00:00:09 . Memory (MB): peak = 2407.539 ; gain = 0.000

Phase 1.3 Build Placer Netlist Model
Phase 1.3 Build Placer Netlist Model | Checksum: 23ee07674

Time (s): cpu = 00:00:23 ; elapsed = 00:01:05 . Memory (MB): peak = 2452.672 ; gain = 45.133

Phase 1.4 Constrain Clocks/Macros
Phase 1.4 Constrain Clocks/Macros | Checksum: 23ee07674

Time (s): cpu = 00:00:24 ; elapsed = 00:01:06 . Memory (MB): peak = 2452.672 ; gain = 45.133
Phase 1 Placer Initialization | Checksum: 23ee07674

Time (s): cpu = 00:00:24 ; elapsed = 00:01:07 . Memory (MB): peak = 2452.672 ; gain = 45.133

Phase 2 Global Placement

Phase 2.1 Floorplanning
Phase 2.1 Floorplanning | Checksum: 285f0e71c

Time (s): cpu = 00:00:30 ; elapsed = 00:01:20 . Memory (MB): peak = 2452.672 ; gain = 45.133

Phase 2.2 Update Timing before SLR Path Opt
Phase 2.2 Update Timing before SLR Path Opt | Checksum: 2785220ca

Time (s): cpu = 00:00:35 ; elapsed = 00:01:23 . Memory (MB): peak = 2452.672 ; gain = 45.133

Phase 2.3 Post-Processing in Floorplanning
Phase 2.3 Post-Processing in Floorplanning | Checksum: 2785220ca

Time (s): cpu = 00:00:35 ; elapsed = 00:01:23 . Memory (MB): peak = 2452.672 ; gain = 45.133

Phase 2.4 Global Placement Core

Phase 2.4.1 UpdateTiming Before Physical Synthesis
Phase 2.4.1 UpdateTiming Before Physical Synthesis | Checksum: 1515c43e3

Time (s): cpu = 00:01:18 ; elapsed = 00:03:27 . Memory (MB): peak = 2452.672 ; gain = 45.133

Phase 2.4.2 Physical Synthesis In Placer
INFO: [Physopt 32-1035] Found 0 LUTNM shape to break, 3329 LUT instances to create LUTNM shape
INFO: [Physopt 32-1044] Break lutnm for timing: one critical 0, two critical 0, total 0, new lutff created 0
INFO: [Physopt 32-1138] End 1 Pass. Optimized 1616 nets or LUTs. Breaked 0 LUT, combined 1616 existing LUTs and moved 0 existing LUT
INFO: [Physopt 32-65] No nets found for high-fanout optimization.
INFO: [Physopt 32-232] Optimized 0 net. Created 0 new instance.
INFO: [Physopt 32-775] End 1 Pass. Optimized 0 net or cell. Created 0 new cell, deleted 0 existing cell and moved 0 existing cell
INFO: [Physopt 32-670] No setup violation found.  DSP Register Optimization was not performed.
INFO: [Physopt 32-670] No setup violation found.  Shift Register to Pipeline Optimization was not performed.
INFO: [Physopt 32-670] No setup violation found.  Shift Register Optimization was not performed.
INFO: [Physopt 32-670] No setup violation found.  BRAM Register Optimization was not performed.
INFO: [Physopt 32-670] No setup violation found.  URAM Register Optimization was not performed.
INFO: [Physopt 32-949] No candidate nets found for dynamic/static region interface net replication
INFO: [Physopt 32-775] End 1 Pass. Optimized 0 net or cell. Created 0 new cell, deleted 0 existing cell and moved 0 existing cell
Netlist sorting complete. Time (s): cpu = 00:00:00 ; elapsed = 00:00:00.293 . Memory (MB): peak = 2452.672 ; gain = 0.000

Summary of Physical Synthesis Optimizations
============================================


-----------------------------------------------------------------------------------------------------------------------------------------------------------
|  Optimization                                     |  Added Cells  |  Removed Cells  |  Optimized Cells/Nets  |  Dont Touch  |  Iterations  |  Elapsed   |
-----------------------------------------------------------------------------------------------------------------------------------------------------------
|  LUT Combining                                    |            0  |           1616  |                  1616  |           0  |           1  |  00:00:09  |
|  Retime                                           |            0  |              0  |                     0  |           0  |           1  |  00:00:00  |
|  Very High Fanout                                 |            0  |              0  |                     0  |           0  |           1  |  00:00:01  |
|  DSP Register                                     |            0  |              0  |                     0  |           0  |           0  |  00:00:00  |
|  Shift Register to Pipeline                       |            0  |              0  |                     0  |           0  |           0  |  00:00:00  |
|  Shift Register                                   |            0  |              0  |                     0  |           0  |           0  |  00:00:00  |
|  BRAM Register                                    |            0  |              0  |                     0  |           0  |           0  |  00:00:00  |
|  URAM Register                                    |            0  |              0  |                     0  |           0  |           0  |  00:00:00  |
|  Dynamic/Static Region Interface Net Replication  |            0  |              0  |                     0  |           0  |           1  |  00:00:00  |
|  Total                                            |            0  |           1616  |                  1616  |           0  |           4  |  00:00:10  |
-----------------------------------------------------------------------------------------------------------------------------------------------------------


Phase 2.4.2 Physical Synthesis In Placer | Checksum: f27bcd2f

Time (s): cpu = 00:01:26 ; elapsed = 00:03:55 . Memory (MB): peak = 2452.672 ; gain = 45.133
Phase 2.4 Global Placement Core | Checksum: ca356415

Time (s): cpu = 00:01:28 ; elapsed = 00:03:59 . Memory (MB): peak = 2452.672 ; gain = 45.133
Phase 2 Global Placement | Checksum: ca356415

Time (s): cpu = 00:01:28 ; elapsed = 00:04:01 . Memory (MB): peak = 2452.672 ; gain = 45.133

Phase 3 Detail Placement

Phase 3.1 Commit Multi Column Macros
Phase 3.1 Commit Multi Column Macros | Checksum: 13e205ba9

Time (s): cpu = 00:01:33 ; elapsed = 00:04:10 . Memory (MB): peak = 2452.672 ; gain = 45.133

Phase 3.2 Commit Most Macros & LUTRAMs
Phase 3.2 Commit Most Macros & LUTRAMs | Checksum: 1464b5f1a

Time (s): cpu = 00:01:43 ; elapsed = 00:04:22 . Memory (MB): peak = 2452.672 ; gain = 45.133

Phase 3.3 Area Swap Optimization
Phase 3.3 Area Swap Optimization | Checksum: 117fc6a2d

Time (s): cpu = 00:01:44 ; elapsed = 00:04:23 . Memory (MB): peak = 2452.672 ; gain = 45.133

Phase 3.4 Pipeline Register Optimization
Phase 3.4 Pipeline Register Optimization | Checksum: b48dc0ea

Time (s): cpu = 00:01:44 ; elapsed = 00:04:23 . Memory (MB): peak = 2452.672 ; gain = 45.133

Phase 3.5 Small Shape Detail Placement
Phase 3.5 Small Shape Detail Placement | Checksum: 20c93c4f9

Time (s): cpu = 00:02:01 ; elapsed = 00:04:49 . Memory (MB): peak = 2452.672 ; gain = 45.133

Phase 3.6 Re-assign LUT pins
Phase 3.6 Re-assign LUT pins | Checksum: 21132ba69

Time (s): cpu = 00:02:03 ; elapsed = 00:04:52 . Memory (MB): peak = 2452.672 ; gain = 45.133

Phase 3.7 Pipeline Register Optimization
Phase 3.7 Pipeline Register Optimization | Checksum: 16f5609d7

Time (s): cpu = 00:02:04 ; elapsed = 00:04:52 . Memory (MB): peak = 2452.672 ; gain = 45.133
Phase 3 Detail Placement | Checksum: 16f5609d7

Time (s): cpu = 00:02:04 ; elapsed = 00:04:53 . Memory (MB): peak = 2452.672 ; gain = 45.133

Phase 4 Post Placement Optimization and Clean-Up

Phase 4.1 Post Commit Optimization
INFO: [Timing 38-35] Done setting XDC timing constraints.

Phase 4.1.1 Post Placement Optimization
Post Placement Optimization Initialization | Checksum: 268f9d8ff

Phase 4.1.1.1 BUFG Insertion

Starting Physical Synthesis Task

Phase 1 Physical Synthesis Initialization
INFO: [Physopt 32-721] Multithreading enabled for phys_opt_design using a maximum of 2 CPUs
INFO: [Physopt 32-619] Estimated Timing Summary | WNS=21.736 | TNS=0.000 |
Phase 1 Physical Synthesis Initialization | Checksum: 234fab0d5

Time (s): cpu = 00:00:04 ; elapsed = 00:00:05 . Memory (MB): peak = 2522.586 ; gain = 41.418
INFO: [Place 46-33] Processed net design_final_i/top_ssr_0/inst/u_top_system/u_dsp_chain/u_mel/rst, BUFG insertion was skipped due to placement/routing conflicts.
INFO: [Place 46-33] Processed net design_final_i/top_ssr_0/inst/u_top_system/u_dsp_chain/u_framing/new_samples, BUFG insertion was skipped due to placement/routing conflicts.
INFO: [Place 46-56] BUFG insertion identified 2 candidate nets. Inserted BUFG: 0, Replicated BUFG Driver: 0, Skipped due to Placement/Routing Conflicts: 2, Skipped due to Timing Degradation: 0, Skipped due to netlist editing failed: 0.
Ending Physical Synthesis Task | Checksum: 234fab0d5

Time (s): cpu = 00:00:07 ; elapsed = 00:00:16 . Memory (MB): peak = 2527.309 ; gain = 46.141
Phase 4.1.1.1 BUFG Insertion | Checksum: 268f9d8ff

Time (s): cpu = 00:02:32 ; elapsed = 00:06:00 . Memory (MB): peak = 2527.309 ; gain = 119.770

Phase 4.1.1.2 Post Placement Timing Optimization
INFO: [Place 30-746] Post Placement Timing Summary WNS=21.736. For the most accurate timing information please run report_timing.
Phase 4.1.1.2 Post Placement Timing Optimization | Checksum: 1a329c99f

Time (s): cpu = 00:02:32 ; elapsed = 00:06:01 . Memory (MB): peak = 2527.309 ; gain = 119.770

Time (s): cpu = 00:02:32 ; elapsed = 00:06:01 . Memory (MB): peak = 2527.309 ; gain = 119.770
Phase 4.1 Post Commit Optimization | Checksum: 1a329c99f

Time (s): cpu = 00:02:32 ; elapsed = 00:06:02 . Memory (MB): peak = 2527.309 ; gain = 119.770

Phase 4.2 Post Placement Cleanup
Phase 4.2 Post Placement Cleanup | Checksum: 1a329c99f

Time (s): cpu = 00:02:33 ; elapsed = 00:06:04 . Memory (MB): peak = 2527.309 ; gain = 119.770

Phase 4.3 Placer Reporting

Phase 4.3.1 Print Estimated Congestion
INFO: [Place 30-612] Post-Placement Estimated Congestion 
 ____________________________________________________
|           | Global Congestion | Short Congestion  |
| Direction | Region Size       | Region Size       |
|___________|___________________|___________________|
|      North|                1x1|                4x4|
|___________|___________________|___________________|
|      South|                1x1|                2x2|
|___________|___________________|___________________|
|       East|                1x1|                1x1|
|___________|___________________|___________________|
|       West|                1x1|                1x1|
|___________|___________________|___________________|

Phase 4.3.1 Print Estimated Congestion | Checksum: 1a329c99f

Time (s): cpu = 00:02:33 ; elapsed = 00:06:05 . Memory (MB): peak = 2527.309 ; gain = 119.770
Phase 4.3 Placer Reporting | Checksum: 1a329c99f

Time (s): cpu = 00:02:33 ; elapsed = 00:06:05 . Memory (MB): peak = 2527.309 ; gain = 119.770

Phase 4.4 Final Placement Cleanup
Netlist sorting complete. Time (s): cpu = 00:00:00 ; elapsed = 00:00:00.456 . Memory (MB): peak = 2527.309 ; gain = 0.000

Time (s): cpu = 00:02:33 ; elapsed = 00:06:08 . Memory (MB): peak = 2527.309 ; gain = 119.770
Phase 4 Post Placement Optimization and Clean-Up | Checksum: eeb8df13

Time (s): cpu = 00:02:34 ; elapsed = 00:06:08 . Memory (MB): peak = 2527.309 ; gain = 119.770
Ending Placer Task | Checksum: dbf495b3

Time (s): cpu = 00:02:34 ; elapsed = 00:06:08 . Memory (MB): peak = 2527.309 ; gain = 119.770
78 Infos, 66 Warnings, 0 Critical Warnings and 0 Errors encountered.
place_design completed successfully
place_design: Time (s): cpu = 00:02:38 ; elapsed = 00:06:17 . Memory (MB): peak = 2527.309 ; gain = 119.770
INFO: [runtcl-4] Executing : report_io -file design_final_wrapper_io_placed.rpt
report_io: Time (s): cpu = 00:00:00 ; elapsed = 00:00:03 . Memory (MB): peak = 2527.309 ; gain = 0.000
INFO: [runtcl-4] Executing : report_utilization -file design_final_wrapper_utilization_placed.rpt -pb design_final_wrapper_utilization_placed.pb
INFO: [runtcl-4] Executing : report_control_sets -verbose -file design_final_wrapper_control_sets_placed.rpt
report_control_sets: Time (s): cpu = 00:00:00 ; elapsed = 00:00:00.288 . Memory (MB): peak = 2527.309 ; gain = 0.000
INFO: [Timing 38-480] Writing timing data to binary archive.
Write ShapeDB Complete: Time (s): cpu = 00:00:01 ; elapsed = 00:00:00.923 . Memory (MB): peak = 2527.309 ; gain = 0.000
Wrote PlaceDB: Time (s): cpu = 00:00:08 ; elapsed = 00:00:18 . Memory (MB): peak = 2527.309 ; gain = 0.000
Wrote PulsedLatchDB: Time (s): cpu = 00:00:00 ; elapsed = 00:00:00.029 . Memory (MB): peak = 2527.309 ; gain = 0.000
Writing XDEF routing.
Writing XDEF routing logical nets.
Writing XDEF routing special nets.
Wrote RouteStorage: Time (s): cpu = 00:00:00 ; elapsed = 00:00:08 . Memory (MB): peak = 2527.309 ; gain = 0.000
Wrote Netlist Cache: Time (s): cpu = 00:00:00 ; elapsed = 00:00:00.799 . Memory (MB): peak = 2527.309 ; gain = 0.000
Wrote Device Cache: Time (s): cpu = 00:00:00 ; elapsed = 00:00:00.367 . Memory (MB): peak = 2527.309 ; gain = 0.000
Write Physdb Complete: Time (s): cpu = 00:00:08 ; elapsed = 00:00:28 . Memory (MB): peak = 2527.309 ; gain = 0.000
report_design_analysis: Time (s): cpu = 00:00:04 ; elapsed = 00:00:12 . Memory (MB): peak = 2527.309 ; gain = 0.000
INFO: [Common 17-1381] The checkpoint 'C:/Users/Python/Desktop/sdup/simple_speech_recognition/project_final/project_final.runs/impl_1/design_final_wrapper_placed.dcp' has been generated.
write_checkpoint: Time (s): cpu = 00:00:15 ; elapsed = 00:02:44 . Memory (MB): peak = 2527.309 ; gain = 0.000
Command: phys_opt_design
Attempting to get a license for feature 'Implementation' and/or device 'xc7z020'
INFO: [Common 17-349] Got license for feature 'Implementation' and/or device 'xc7z020'

Starting Initial Update Timing Task

Time (s): cpu = 00:00:17 ; elapsed = 00:00:52 . Memory (MB): peak = 2683.680 ; gain = 156.371
INFO: [Vivado_Tcl 4-383] Design worst setup slack (WNS) is greater than or equal to 0.000 ns. Skipping all physical synthesis optimizations.
INFO: [Vivado_Tcl 4-232] No setup violation found. The netlist was not modified.
INFO: [Common 17-83] Releasing license: Implementation
87 Infos, 66 Warnings, 0 Critical Warnings and 0 Errors encountered.
phys_opt_design completed successfully
phys_opt_design: Time (s): cpu = 00:00:17 ; elapsed = 00:00:57 . Memory (MB): peak = 2683.680 ; gain = 156.371
INFO: [Timing 38-480] Writing timing data to binary archive.
Write ShapeDB Complete: Time (s): cpu = 00:00:02 ; elapsed = 00:00:02 . Memory (MB): peak = 2714.598 ; gain = 12.621
Wrote PlaceDB: Time (s): cpu = 00:00:08 ; elapsed = 00:00:40 . Memory (MB): peak = 2714.684 ; gain = 5.988
Wrote PulsedLatchDB: Time (s): cpu = 00:00:00 ; elapsed = 00:00:00.163 . Memory (MB): peak = 2714.684 ; gain = 0.000
Writing XDEF routing.
Writing XDEF routing logical nets.
Writing XDEF routing special nets.
Wrote RouteStorage: Time (s): cpu = 00:00:00 ; elapsed = 00:00:06 . Memory (MB): peak = 2714.684 ; gain = 0.000
Wrote Netlist Cache: Time (s): cpu = 00:00:00 ; elapsed = 00:00:02 . Memory (MB): peak = 2714.684 ; gain = 0.000
Wrote Device Cache: Time (s): cpu = 00:00:00 ; elapsed = 00:00:00.105 . Memory (MB): peak = 2714.684 ; gain = 0.000
Write Physdb Complete: Time (s): cpu = 00:00:08 ; elapsed = 00:00:50 . Memory (MB): peak = 2714.684 ; gain = 12.707
INFO: [Common 17-1381] The checkpoint 'C:/Users/Python/Desktop/sdup/simple_speech_recognition/project_final/project_final.runs/impl_1/design_final_wrapper_physopt.dcp' has been generated.
write_checkpoint: Time (s): cpu = 00:00:10 ; elapsed = 00:01:58 . Memory (MB): peak = 2714.684 ; gain = 31.004
Command: route_design
Attempting to get a license for feature 'Implementation' and/or device 'xc7z020'
INFO: [Common 17-349] Got license for feature 'Implementation' and/or device 'xc7z020'
Running DRC as a precondition to command route_design
INFO: [DRC 23-27] Running DRC with 2 threads
INFO: [Vivado_Tcl 4-198] DRC finished with 0 Errors
INFO: [Vivado_Tcl 4-199] Please refer to the DRC report (report_drc) for more information.


Starting Routing Task
INFO: [Route 35-254] Multithreading enabled for route_design using a maximum of 8 CPUs

Phase 1 Build RT Design
Checksum: PlaceDB: c7020a1a ConstDB: 0 ShapeSum: 14f28b99 RouteDB: 0
