#-----------------------------------------------------------
# Vivado v2023.2 (64-bit)
# SW Build 4029153 on Fri Oct 13 20:14:34 MDT 2023
# IP Build 4028589 on Sat Oct 14 00:45:43 MDT 2023
# SharedData Build 4025554 on Tue Oct 10 17:18:54 MDT 2023
# Start of session at: Tue Jun 16 03:13:21 2026
# Process ID: 3380
# Current directory: C:/Users/Python/Desktop/sdup/simple_speech_recognition/project_do_spakowania
# Command line: vivado.exe -gui_launcher_event rodinguilauncherevent15652 C:\Users\Python\Desktop\sdup\simple_speech_recognition\project_do_spakowania\project_do_spakowania.xpr
# Log file: C:/Users/Python/Desktop/sdup/simple_speech_recognition/project_do_spakowania/vivado.log
# Journal file: C:/Users/Python/Desktop/sdup/simple_speech_recognition/project_do_spakowania\vivado.jou
# Running On: DESKTOP-UQJIKI5, OS: Windows, CPU Frequency: 3294 MHz, CPU Physical cores: 12, Host memory: 6287 MB
#-----------------------------------------------------------
start_gui
open_project C:/Users/Python/Desktop/sdup/simple_speech_recognition/project_do_spakowania/project_do_spakowania.xpr
WARNING: [Board 49-26] cannot add Board Part xilinx.com:kc705:part0:1.6 available at C:/Users/Python/Desktop/Vivado_full/Vivado/2023.2/data/xhub/boards/XilinxBoardStore/boards/Xilinx/kc705/1.6/board.xml as part xc7k325tffg900-2 specified in board_part file is either invalid or not available
WARNING: [Board 49-26] cannot add Board Part xilinx.com:kcu105:part0:1.6 available at C:/Users/Python/Desktop/Vivado_full/Vivado/2023.2/data/xhub/boards/XilinxBoardStore/boards/Xilinx/kcu105/1.6/board.xml as part xcku040-ffva1156-2-e specified in board_part file is either invalid or not available
WARNING: [Board 49-26] cannot add Board Part xilinx.com:kcu105:part0:1.7 available at C:/Users/Python/Desktop/Vivado_full/Vivado/2023.2/data/xhub/boards/XilinxBoardStore/boards/Xilinx/kcu105/1.7/board.xml as part xcku040-ffva1156-2-e specified in board_part file is either invalid or not available
WARNING: [Board 49-26] cannot add Board Part xilinx.com:kcu116:part0:1.4 available at C:/Users/Python/Desktop/Vivado_full/Vivado/2023.2/data/xhub/boards/XilinxBoardStore/boards/Xilinx/kcu116/1.4/board.xml as part xcku5p-ffvb676-2-e specified in board_part file is either invalid or not available
WARNING: [Board 49-26] cannot add Board Part xilinx.com:kcu116:part0:1.5 available at C:/Users/Python/Desktop/Vivado_full/Vivado/2023.2/data/xhub/boards/XilinxBoardStore/boards/Xilinx/kcu116/1.5/board.xml as part xcku5p-ffvb676-2-e specified in board_part file is either invalid or not available
WARNING: [Board 49-26] cannot add Board Part xilinx.com:kcu1500:part0:1.2 available at C:/Users/Python/Desktop/Vivado_full/Vivado/2023.2/data/xhub/boards/XilinxBoardStore/boards/Xilinx/kcu1500/1.2/board.xml as part xcku115-flvb2104-2-e specified in board_part file is either invalid or not available
WARNING: [Board 49-26] cannot add Board Part xilinx.com:sp701:part0:1.0 available at C:/Users/Python/Desktop/Vivado_full/Vivado/2023.2/data/xhub/boards/XilinxBoardStore/boards/Xilinx/sp701/1.0/board.xml as part xc7s100fgga676-2 specified in board_part file is either invalid or not available
WARNING: [Board 49-26] cannot add Board Part xilinx.com:sp701:part0:1.1 available at C:/Users/Python/Desktop/Vivado_full/Vivado/2023.2/data/xhub/boards/XilinxBoardStore/boards/Xilinx/sp701/1.1/board.xml as part xc7s100fgga676-2 specified in board_part file is either invalid or not available
WARNING: [Board 49-26] cannot add Board Part xilinx.com:vc707:part0:1.4 available at C:/Users/Python/Desktop/Vivado_full/Vivado/2023.2/data/xhub/boards/XilinxBoardStore/boards/Xilinx/vc707/1.4/board.xml as part xc7vx485tffg1761-2 specified in board_part file is either invalid or not available
WARNING: [Board 49-26] cannot add Board Part xilinx.com:vc709:part0:1.8 available at C:/Users/Python/Desktop/Vivado_full/Vivado/2023.2/data/xhub/boards/XilinxBoardStore/boards/Xilinx/vc709/1.8/board.xml as part xc7vx690tffg1761-2 specified in board_part file is either invalid or not available
WARNING: [Board 49-26] cannot add Board Part xilinx.com:vck190:part0:2.2 available at C:/Users/Python/Desktop/Vivado_full/Vivado/2023.2/data/xhub/boards/XilinxBoardStore/boards/Xilinx/vck190/production/2.2/board.xml as part xcvc1902-vsva2197-2mp-e-s specified in board_part file is either invalid or not available
WARNING: [Board 49-26] cannot add Board Part xilinx.com:vck190:part0:3.0 available at C:/Users/Python/Desktop/Vivado_full/Vivado/2023.2/data/xhub/boards/XilinxBoardStore/boards/Xilinx/vck190/production/3.0/board.xml as part xcvc1902-vsva2197-2mp-e-s specified in board_part file is either invalid or not available
WARNING: [Board 49-26] cannot add Board Part xilinx.com:vck190:part0:3.1 available at C:/Users/Python/Desktop/Vivado_full/Vivado/2023.2/data/xhub/boards/XilinxBoardStore/boards/Xilinx/vck190/production/3.1/board.xml as part xcvc1902-vsva2197-2mp-e-s specified in board_part file is either invalid or not available
WARNING: [Board 49-26] cannot add Board Part xilinx.com:vck190:part0:3.2 available at C:/Users/Python/Desktop/Vivado_full/Vivado/2023.2/data/xhub/boards/XilinxBoardStore/boards/Xilinx/vck190/production/3.2/board.xml as part xcvc1902-vsva2197-2mp-e-s specified in board_part file is either invalid or not available
WARNING: [Board 49-26] cannot add Board Part xilinx.com:vck190_newl:part0:1.0 available at C:/Users/Python/Desktop/Vivado_full/Vivado/2023.2/data/xhub/boards/XilinxBoardStore/boards/Xilinx/vck190_newl/production/1.0/board.xml as part xcvc1902-vsva2197-2mp-e-s specified in board_part file is either invalid or not available
WARNING: [Board 49-26] cannot add Board Part xilinx.com:vck190_newl:part0:1.1 available at C:/Users/Python/Desktop/Vivado_full/Vivado/2023.2/data/xhub/boards/XilinxBoardStore/boards/Xilinx/vck190_newl/production/1.1/board.xml as part xcvc1902-vsva2197-2mp-e-s specified in board_part file is either invalid or not available
WARNING: [Board 49-26] cannot add Board Part xilinx.com:vcu108:part0:1.6 available at C:/Users/Python/Desktop/Vivado_full/Vivado/2023.2/data/xhub/boards/XilinxBoardStore/boards/Xilinx/vcu108/1.6/board.xml as part xcvu095-ffva2104-2-e specified in board_part file is either invalid or not available
WARNING: [Board 49-26] cannot add Board Part xilinx.com:vcu108:part0:1.7 available at C:/Users/Python/Desktop/Vivado_full/Vivado/2023.2/data/xhub/boards/XilinxBoardStore/boards/Xilinx/vcu108/1.7/board.xml as part xcvu095-ffva2104-2-e specified in board_part file is either invalid or not available
WARNING: [Board 49-26] cannot add Board Part xilinx.com:vcu110:part0:1.4 available at C:/Users/Python/Desktop/Vivado_full/Vivado/2023.2/data/xhub/boards/XilinxBoardStore/boards/Xilinx/vcu110/1.4/board.xml as part xcvu190-flgc2104-2-e specified in board_part file is either invalid or not available
WARNING: [Board 49-26] cannot add Board Part xilinx.com:vcu118:part0:2.0 available at C:/Users/Python/Desktop/Vivado_full/Vivado/2023.2/data/xhub/boards/XilinxBoardStore/boards/Xilinx/vcu118/2.0/board.xml as part xcvu9p-flga2104-2l-e specified in board_part file is either invalid or not available
WARNING: [Board 49-26] cannot add Board Part xilinx.com:vcu118:part0:2.3 available at C:/Users/Python/Desktop/Vivado_full/Vivado/2023.2/data/xhub/boards/XilinxBoardStore/boards/Xilinx/vcu118/2.3/board.xml as part xcvu9p-flga2104-2l-e specified in board_part file is either invalid or not available
WARNING: [Board 49-26] cannot add Board Part xilinx.com:vcu118:part0:2.4 available at C:/Users/Python/Desktop/Vivado_full/Vivado/2023.2/data/xhub/boards/XilinxBoardStore/boards/Xilinx/vcu118/2.4/board.xml as part xcvu9p-flga2104-2l-e specified in board_part file is either invalid or not available
WARNING: [Board 49-26] cannot add Board Part xilinx.com:vcu128:part0:1.0 available at C:/Users/Python/Desktop/Vivado_full/Vivado/2023.2/data/xhub/boards/XilinxBoardStore/boards/Xilinx/vcu128/production/1.0/board.xml as part xcvu37p-fsvh2892-2l-e specified in board_part file is either invalid or not available
WARNING: [Board 49-26] cannot add Board Part xilinx.com:vcu129:part0:1.0 available at C:/Users/Python/Desktop/Vivado_full/Vivado/2023.2/data/xhub/boards/XilinxBoardStore/boards/Xilinx/vcu129/production/1.0/board.xml as part xcvu29p-fsga2577-2l-e specified in board_part file is either invalid or not available
WARNING: [Board 49-26] cannot add Board Part xilinx.com:vcu1525:part0:1.3 available at C:/Users/Python/Desktop/Vivado_full/Vivado/2023.2/data/xhub/boards/XilinxBoardStore/boards/Xilinx/vcu1525/1.3/board.xml as part xcvu9p-fsgd2104-2l-e specified in board_part file is either invalid or not available
WARNING: [Board 49-26] cannot add Board Part xilinx.com:vek280:part0:1.0 available at C:/Users/Python/Desktop/Vivado_full/Vivado/2023.2/data/xhub/boards/XilinxBoardStore/boards/Xilinx/vek280/production/1.0/board.xml as part xcve2802-vsvh1760-2mp-e-s specified in board_part file is either invalid or not available
WARNING: [Board 49-26] cannot add Board Part xilinx.com:vek280_es:part0:1.0 available at C:/Users/Python/Desktop/Vivado_full/Vivado/2023.2/data/xhub/boards/XilinxBoardStore/boards/Xilinx/vek280/es/rev_a/1.0/board.xml as part xcve2802-vsvh1760-2lp-e-s-es1 specified in board_part file is either invalid or not available
WARNING: [Board 49-26] cannot add Board Part xilinx.com:vek280_es:part0:1.1 available at C:/Users/Python/Desktop/Vivado_full/Vivado/2023.2/data/xhub/boards/XilinxBoardStore/boards/Xilinx/vek280/es/rev_a/1.1/board.xml as part xcve2802-vsvh1760-2lp-e-s-es1 specified in board_part file is either invalid or not available
WARNING: [Board 49-26] cannot add Board Part xilinx.com:vek280_es_revb:part0:1.0 available at C:/Users/Python/Desktop/Vivado_full/Vivado/2023.2/data/xhub/boards/XilinxBoardStore/boards/Xilinx/vek280/es/rev_b/1.0/board.xml as part xcve2802-vsvh1760-2mp-e-s-es1 specified in board_part file is either invalid or not available
WARNING: [Board 49-26] cannot add Board Part xilinx.com:vek280_es_revb:part0:1.1 available at C:/Users/Python/Desktop/Vivado_full/Vivado/2023.2/data/xhub/boards/XilinxBoardStore/boards/Xilinx/vek280/es/rev_b/1.1/board.xml as part xcve2802-vsvh1760-2mp-e-s-es1 specified in board_part file is either invalid or not available
WARNING: [Board 49-26] cannot add Board Part xilinx.com:vermeo_t1_mpsoc:part0:1.0 available at C:/Users/Python/Desktop/Vivado_full/Vivado/2023.2/data/xhub/boards/XilinxBoardStore/boards/Xilinx/vermeo_t1_mpsoc/1.0/board.xml as part xczu19eg-ffvd1760-2l-e specified in board_part file is either invalid or not available
WARNING: [Board 49-26] cannot add Board Part xilinx.com:vermeo_t1_rfsoc:part0:1.0 available at C:/Users/Python/Desktop/Vivado_full/Vivado/2023.2/data/xhub/boards/XilinxBoardStore/boards/Xilinx/vermeo_t1_rfsoc/1.0/board.xml as part xczu21dr-ffvd1156-2l-e specified in board_part file is either invalid or not available
WARNING: [Board 49-26] cannot add Board Part xilinx.com:vhk158:part0:1.0 available at C:/Users/Python/Desktop/Vivado_full/Vivado/2023.2/data/xhub/boards/XilinxBoardStore/boards/Xilinx/vhk158/production/1.0/board.xml as part xcvh1582-vsva3697-2mp-e-s specified in board_part file is either invalid or not available
WARNING: [Board 49-26] cannot add Board Part xilinx.com:vhk158:part0:1.1 available at C:/Users/Python/Desktop/Vivado_full/Vivado/2023.2/data/xhub/boards/XilinxBoardStore/boards/Xilinx/vhk158/production/1.1/board.xml as part xcvh1582-vsva3697-2mp-e-s specified in board_part file is either invalid or not available
WARNING: [Board 49-26] cannot add Board Part xilinx.com:vhk158_es:part0:1.0 available at C:/Users/Python/Desktop/Vivado_full/Vivado/2023.2/data/xhub/boards/XilinxBoardStore/boards/Xilinx/vhk158/es/1.0/board.xml as part xcvh1582-vsva3697-2mp-e-s-es1 specified in board_part file is either invalid or not available
WARNING: [Board 49-26] cannot add Board Part xilinx.com:vhk158_es:part0:1.1 available at C:/Users/Python/Desktop/Vivado_full/Vivado/2023.2/data/xhub/boards/XilinxBoardStore/boards/Xilinx/vhk158/es/1.1/board.xml as part xcvh1582-vsva3697-2mp-e-s-es1 specified in board_part file is either invalid or not available
WARNING: [Board 49-26] cannot add Board Part xilinx.com:vmk180:part0:2.2 available at C:/Users/Python/Desktop/Vivado_full/Vivado/2023.2/data/xhub/boards/XilinxBoardStore/boards/Xilinx/vmk180/production/2.2/board.xml as part xcvm1802-vsva2197-2mp-e-s specified in board_part file is either invalid or not available
WARNING: [Board 49-26] cannot add Board Part xilinx.com:vmk180:part0:3.0 available at C:/Users/Python/Desktop/Vivado_full/Vivado/2023.2/data/xhub/boards/XilinxBoardStore/boards/Xilinx/vmk180/production/3.0/board.xml as part xcvm1802-vsva2197-2mp-e-s specified in board_part file is either invalid or not available
WARNING: [Board 49-26] cannot add Board Part xilinx.com:vmk180:part0:3.1 available at C:/Users/Python/Desktop/Vivado_full/Vivado/2023.2/data/xhub/boards/XilinxBoardStore/boards/Xilinx/vmk180/production/3.1/board.xml as part xcvm1802-vsva2197-2mp-e-s specified in board_part file is either invalid or not available
WARNING: [Board 49-26] cannot add Board Part xilinx.com:vmk180:part0:3.2 available at C:/Users/Python/Desktop/Vivado_full/Vivado/2023.2/data/xhub/boards/XilinxBoardStore/boards/Xilinx/vmk180/production/3.2/board.xml as part xcvm1802-vsva2197-2mp-e-s specified in board_part file is either invalid or not available
WARNING: [Board 49-26] cannot add Board Part xilinx.com:vmk180_newl:part0:1.0 available at C:/Users/Python/Desktop/Vivado_full/Vivado/2023.2/data/xhub/boards/XilinxBoardStore/boards/Xilinx/vmk180_newl/production/1.0/board.xml as part xcvm1802-vsva2197-2mp-e-s specified in board_part file is either invalid or not available
WARNING: [Board 49-26] cannot add Board Part xilinx.com:vmk180_newl:part0:1.1 available at C:/Users/Python/Desktop/Vivado_full/Vivado/2023.2/data/xhub/boards/XilinxBoardStore/boards/Xilinx/vmk180_newl/production/1.1/board.xml as part xcvm1802-vsva2197-2mp-e-s specified in board_part file is either invalid or not available
WARNING: [Board 49-26] cannot add Board Part xilinx.com:vpk120:part0:1.0 available at C:/Users/Python/Desktop/Vivado_full/Vivado/2023.2/data/xhub/boards/XilinxBoardStore/boards/Xilinx/vpk120/production/1.0/board.xml as part xcvp1202-vsva2785-2mp-e-s specified in board_part file is either invalid or not available
WARNING: [Board 49-26] cannot add Board Part xilinx.com:vpk120:part0:1.1 available at C:/Users/Python/Desktop/Vivado_full/Vivado/2023.2/data/xhub/boards/XilinxBoardStore/boards/Xilinx/vpk120/production/1.1/board.xml as part xcvp1202-vsva2785-2mp-e-s specified in board_part file is either invalid or not available
WARNING: [Board 49-26] cannot add Board Part xilinx.com:vpk120:part0:1.2 available at C:/Users/Python/Desktop/Vivado_full/Vivado/2023.2/data/xhub/boards/XilinxBoardStore/boards/Xilinx/vpk120/production/1.2/board.xml as part xcvp1202-vsva2785-2mp-e-s specified in board_part file is either invalid or not available
WARNING: [Board 49-26] cannot add Board Part xilinx.com:vpk180:part0:1.0 available at C:/Users/Python/Desktop/Vivado_full/Vivado/2023.2/data/xhub/boards/XilinxBoardStore/boards/Xilinx/vpk180/production/1.0/board.xml as part xcvp1802-lsvc4072-2mp-e-s specified in board_part file is either invalid or not available
WARNING: [Board 49-26] cannot add Board Part xilinx.com:vpk180:part0:1.1 available at C:/Users/Python/Desktop/Vivado_full/Vivado/2023.2/data/xhub/boards/XilinxBoardStore/boards/Xilinx/vpk180/production/1.1/board.xml as part xcvp1802-lsvc4072-2mp-e-s specified in board_part file is either invalid or not available
WARNING: [Board 49-26] cannot add Board Part xilinx.com:zc706:part0:1.4 available at C:/Users/Python/Desktop/Vivado_full/Vivado/2023.2/data/xhub/boards/XilinxBoardStore/boards/Xilinx/zc706/1.4/board.xml as part xc7z045ffg900-2 specified in board_part file is either invalid or not available
WARNING: [Board 49-26] cannot add Board Part xilinx.com:zcu102:part0:3.3 available at C:/Users/Python/Desktop/Vivado_full/Vivado/2023.2/data/xhub/boards/XilinxBoardStore/boards/Xilinx/zcu102/3.3/board.xml as part xczu9eg-ffvb1156-2-e specified in board_part file is either invalid or not available
WARNING: [Board 49-26] cannot add Board Part xilinx.com:zcu102:part0:3.4 available at C:/Users/Python/Desktop/Vivado_full/Vivado/2023.2/data/xhub/boards/XilinxBoardStore/boards/Xilinx/zcu102/3.4/board.xml as part xczu9eg-ffvb1156-2-e specified in board_part file is either invalid or not available
WARNING: [Board 49-26] cannot add Board Part xilinx.com:zcu104:part0:1.1 available at C:/Users/Python/Desktop/Vivado_full/Vivado/2023.2/data/xhub/boards/XilinxBoardStore/boards/Xilinx/zcu104/1.1/board.xml as part xczu7ev-ffvc1156-2-e specified in board_part file is either invalid or not available
WARNING: [Board 49-26] cannot add Board Part xilinx.com:zcu106:part0:2.4 available at C:/Users/Python/Desktop/Vivado_full/Vivado/2023.2/data/xhub/boards/XilinxBoardStore/boards/Xilinx/zcu106/2.4/board.xml as part xczu7ev-ffvc1156-2-e specified in board_part file is either invalid or not available
WARNING: [Board 49-26] cannot add Board Part xilinx.com:zcu106:part0:2.5 available at C:/Users/Python/Desktop/Vivado_full/Vivado/2023.2/data/xhub/boards/XilinxBoardStore/boards/Xilinx/zcu106/2.5/board.xml as part xczu7ev-ffvc1156-2-e specified in board_part file is either invalid or not available
WARNING: [Board 49-26] cannot add Board Part xilinx.com:zcu106:part0:2.6 available at C:/Users/Python/Desktop/Vivado_full/Vivado/2023.2/data/xhub/boards/XilinxBoardStore/boards/Xilinx/zcu106/2.6/board.xml as part xczu7ev-ffvc1156-2-e specified in board_part file is either invalid or not available
WARNING: [Board 49-26] cannot add Board Part xilinx.com:zcu111:part0:1.2 available at C:/Users/Python/Desktop/Vivado_full/Vivado/2023.2/data/xhub/boards/XilinxBoardStore/boards/Xilinx/zcu111/1.2/board.xml as part xczu28dr-ffvg1517-2-e specified in board_part file is either invalid or not available
WARNING: [Board 49-26] cannot add Board Part xilinx.com:zcu111:part0:1.3 available at C:/Users/Python/Desktop/Vivado_full/Vivado/2023.2/data/xhub/boards/XilinxBoardStore/boards/Xilinx/zcu111/1.3/board.xml as part xczu28dr-ffvg1517-2-e specified in board_part file is either invalid or not available
WARNING: [Board 49-26] cannot add Board Part xilinx.com:zcu111:part0:1.4 available at C:/Users/Python/Desktop/Vivado_full/Vivado/2023.2/data/xhub/boards/XilinxBoardStore/boards/Xilinx/zcu111/1.4/board.xml as part xczu28dr-ffvg1517-2-e specified in board_part file is either invalid or not available
WARNING: [Board 49-26] cannot add Board Part xilinx.com:zcu1275:part0:1.0 available at C:/Users/Python/Desktop/Vivado_full/Vivado/2023.2/data/xhub/boards/XilinxBoardStore/boards/Xilinx/zcu1275/1.0/board.xml as part xczu29dr-ffvf1760-2-e specified in board_part file is either invalid or not available
WARNING: [Board 49-26] cannot add Board Part xilinx.com:zcu1285:part0:1.0 available at C:/Users/Python/Desktop/Vivado_full/Vivado/2023.2/data/xhub/boards/XilinxBoardStore/boards/Xilinx/zcu1285/1.0/board.xml as part xczu39dr-ffvf1760-2-i specified in board_part file is either invalid or not available
WARNING: [Board 49-26] cannot add Board Part xilinx.com:zcu208:part0:2.0 available at C:/Users/Python/Desktop/Vivado_full/Vivado/2023.2/data/xhub/boards/XilinxBoardStore/boards/Xilinx/zcu208/production/2.0/board.xml as part xczu48dr-fsvg1517-2-e specified in board_part file is either invalid or not available
WARNING: [Board 49-26] cannot add Board Part xilinx.com:zcu208ld:part0:2.0 available at C:/Users/Python/Desktop/Vivado_full/Vivado/2023.2/data/xhub/boards/XilinxBoardStore/boards/Xilinx/zcu208ld/production/2.0/board.xml as part xczu58dr-fsvg1517-2-i specified in board_part file is either invalid or not available
WARNING: [Board 49-26] cannot add Board Part xilinx.com:zcu216:part0:2.0 available at C:/Users/Python/Desktop/Vivado_full/Vivado/2023.2/data/xhub/boards/XilinxBoardStore/boards/Xilinx/zcu216/production/2.0/board.xml as part xczu49dr-ffvf1760-2-e specified in board_part file is either invalid or not available
WARNING: [Board 49-26] cannot add Board Part xilinx.com:zcu216ld:part0:2.0 available at C:/Users/Python/Desktop/Vivado_full/Vivado/2023.2/data/xhub/boards/XilinxBoardStore/boards/Xilinx/zcu216ld/production/2.0/board.xml as part xczu59dr-ffvf1760-2-i specified in board_part file is either invalid or not available
WARNING: [Board 49-26] cannot add Board Part xilinx.com:zcu670:part0:2.0 available at C:/Users/Python/Desktop/Vivado_full/Vivado/2023.2/data/xhub/boards/XilinxBoardStore/boards/Xilinx/zcu670/2.0/board.xml as part xczu67dr-fsve1156-2-i specified in board_part file is either invalid or not available
WARNING: [Board 49-26] cannot add Board Part xilinx.com:zcu670ld:part0:1.0 available at C:/Users/Python/Desktop/Vivado_full/Vivado/2023.2/data/xhub/boards/XilinxBoardStore/boards/Xilinx/zcu670ld/1.0/board.xml as part xczu57dr-fsve1156-2-i specified in board_part file is either invalid or not available
INFO: [filemgmt 56-3] Default IP Output Path : Could not find the directory 'C:/Users/Python/Desktop/sdup/simple_speech_recognition/project_do_spakowania/project_do_spakowania.gen/sources_1'.
Scanning sources...
Finished scanning sources
INFO: [IP_Flow 19-234] Refreshing IP repositories
INFO: [IP_Flow 19-1704] No user IP repositories specified
INFO: [IP_Flow 19-2313] Loaded Vivado IP repository 'C:/Users/Python/Desktop/Vivado_full/Vivado/2023.2/data/ip'.
open_project: Time (s): cpu = 00:00:20 ; elapsed = 00:00:10 . Memory (MB): peak = 1435.527 ; gain = 211.895
update_compile_order -fileset sources_1
ipx::package_project -root_dir C:/Users/Python/Desktop/sdup/simple_speech_recognition/paczka_final -vendor xilinx.com -library user -taxonomy /UserIP -import_files -set_current false
WARNING: [IP_Flow 19-5101] Packaging a component with a SystemVerilog top file is not fully supported. Please refer to UG1118 'Creating and Packaging Custom IP'.
INFO: [IP_Flow 19-5107] Inferred bus interface 's00_axi' of definition 'xilinx.com:interface:aximm:1.0' (from Xilinx Repository).
INFO: [IP_Flow 19-5107] Inferred bus interface 's00_axi_aresetn' of definition 'xilinx.com:signal:reset:1.0' (from Xilinx Repository).
INFO: [IP_Flow 19-5107] Inferred bus interface 's00_axi_aclk' of definition 'xilinx.com:signal:clock:1.0' (from Xilinx Repository).
INFO: [IP_Flow 19-4728] Bus Interface 's00_axi_aresetn': Added interface parameter 'POLARITY' with value 'ACTIVE_LOW'.
INFO: [IP_Flow 19-4728] Bus Interface 's00_axi_aclk': Added interface parameter 'ASSOCIATED_BUSIF' with value 's00_axi'.
INFO: [IP_Flow 19-4728] Bus Interface 's00_axi_aclk': Added interface parameter 'ASSOCIATED_RESET' with value 's00_axi_aresetn'.
WARNING: [IP_Flow 19-11770] Clock interface 's00_axi_aclk' has no FREQ_HZ parameter.
INFO: [IP_Flow 19-2181] Payment Required is not set for this core.
INFO: [IP_Flow 19-2187] The Product Guide file is missing.
ipx::unload_core c:/Users/Python/Desktop/sdup/simple_speech_recognition/paczka_final/component.xml
ipx::edit_ip_in_project -upgrade true -name tmp_edit_project -directory C:/Users/Python/Desktop/sdup/simple_speech_recognition/paczka_final c:/Users/Python/Desktop/sdup/simple_speech_recognition/paczka_final/component.xml
INFO: [IP_Flow 19-234] Refreshing IP repositories
INFO: [IP_Flow 19-1704] No user IP repositories specified
INFO: [IP_Flow 19-2313] Loaded Vivado IP repository 'C:/Users/Python/Desktop/Vivado_full/Vivado/2023.2/data/ip'.
WARNING: [Board 49-26] cannot add Board Part xilinx.com:kc705:part0:1.6 available at C:/Users/Python/Desktop/Vivado_full/Vivado/2023.2/data/xhub/boards/XilinxBoardStore/boards/Xilinx/kc705/1.6/board.xml as part xc7k325tffg900-2 specified in board_part file is either invalid or not available
WARNING: [Board 49-26] cannot add Board Part xilinx.com:kcu105:part0:1.6 available at C:/Users/Python/Desktop/Vivado_full/Vivado/2023.2/data/xhub/boards/XilinxBoardStore/boards/Xilinx/kcu105/1.6/board.xml as part xcku040-ffva1156-2-e specified in board_part file is either invalid or not available
WARNING: [Board 49-26] cannot add Board Part xilinx.com:kcu105:part0:1.7 available at C:/Users/Python/Desktop/Vivado_full/Vivado/2023.2/data/xhub/boards/XilinxBoardStore/boards/Xilinx/kcu105/1.7/board.xml as part xcku040-ffva1156-2-e specified in board_part file is either invalid or not available
WARNING: [Board 49-26] cannot add Board Part xilinx.com:kcu116:part0:1.4 available at C:/Users/Python/Desktop/Vivado_full/Vivado/2023.2/data/xhub/boards/XilinxBoardStore/boards/Xilinx/kcu116/1.4/board.xml as part xcku5p-ffvb676-2-e specified in board_part file is either invalid or not available
WARNING: [Board 49-26] cannot add Board Part xilinx.com:kcu116:part0:1.5 available at C:/Users/Python/Desktop/Vivado_full/Vivado/2023.2/data/xhub/boards/XilinxBoardStore/boards/Xilinx/kcu116/1.5/board.xml as part xcku5p-ffvb676-2-e specified in board_part file is either invalid or not available
WARNING: [Board 49-26] cannot add Board Part xilinx.com:kcu1500:part0:1.2 available at C:/Users/Python/Desktop/Vivado_full/Vivado/2023.2/data/xhub/boards/XilinxBoardStore/boards/Xilinx/kcu1500/1.2/board.xml as part xcku115-flvb2104-2-e specified in board_part file is either invalid or not available
WARNING: [Board 49-26] cannot add Board Part xilinx.com:sp701:part0:1.0 available at C:/Users/Python/Desktop/Vivado_full/Vivado/2023.2/data/xhub/boards/XilinxBoardStore/boards/Xilinx/sp701/1.0/board.xml as part xc7s100fgga676-2 specified in board_part file is either invalid or not available
WARNING: [Board 49-26] cannot add Board Part xilinx.com:sp701:part0:1.1 available at C:/Users/Python/Desktop/Vivado_full/Vivado/2023.2/data/xhub/boards/XilinxBoardStore/boards/Xilinx/sp701/1.1/board.xml as part xc7s100fgga676-2 specified in board_part file is either invalid or not available
WARNING: [Board 49-26] cannot add Board Part xilinx.com:vc707:part0:1.4 available at C:/Users/Python/Desktop/Vivado_full/Vivado/2023.2/data/xhub/boards/XilinxBoardStore/boards/Xilinx/vc707/1.4/board.xml as part xc7vx485tffg1761-2 specified in board_part file is either invalid or not available
WARNING: [Board 49-26] cannot add Board Part xilinx.com:vc709:part0:1.8 available at C:/Users/Python/Desktop/Vivado_full/Vivado/2023.2/data/xhub/boards/XilinxBoardStore/boards/Xilinx/vc709/1.8/board.xml as part xc7vx690tffg1761-2 specified in board_part file is either invalid or not available
WARNING: [Board 49-26] cannot add Board Part xilinx.com:vck190:part0:2.2 available at C:/Users/Python/Desktop/Vivado_full/Vivado/2023.2/data/xhub/boards/XilinxBoardStore/boards/Xilinx/vck190/production/2.2/board.xml as part xcvc1902-vsva2197-2mp-e-s specified in board_part file is either invalid or not available
WARNING: [Board 49-26] cannot add Board Part xilinx.com:vck190:part0:3.0 available at C:/Users/Python/Desktop/Vivado_full/Vivado/2023.2/data/xhub/boards/XilinxBoardStore/boards/Xilinx/vck190/production/3.0/board.xml as part xcvc1902-vsva2197-2mp-e-s specified in board_part file is either invalid or not available
WARNING: [Board 49-26] cannot add Board Part xilinx.com:vck190:part0:3.1 available at C:/Users/Python/Desktop/Vivado_full/Vivado/2023.2/data/xhub/boards/XilinxBoardStore/boards/Xilinx/vck190/production/3.1/board.xml as part xcvc1902-vsva2197-2mp-e-s specified in board_part file is either invalid or not available
WARNING: [Board 49-26] cannot add Board Part xilinx.com:vck190:part0:3.2 available at C:/Users/Python/Desktop/Vivado_full/Vivado/2023.2/data/xhub/boards/XilinxBoardStore/boards/Xilinx/vck190/production/3.2/board.xml as part xcvc1902-vsva2197-2mp-e-s specified in board_part file is either invalid or not available
WARNING: [Board 49-26] cannot add Board Part xilinx.com:vck190_newl:part0:1.0 available at C:/Users/Python/Desktop/Vivado_full/Vivado/2023.2/data/xhub/boards/XilinxBoardStore/boards/Xilinx/vck190_newl/production/1.0/board.xml as part xcvc1902-vsva2197-2mp-e-s specified in board_part file is either invalid or not available
WARNING: [Board 49-26] cannot add Board Part xilinx.com:vck190_newl:part0:1.1 available at C:/Users/Python/Desktop/Vivado_full/Vivado/2023.2/data/xhub/boards/XilinxBoardStore/boards/Xilinx/vck190_newl/production/1.1/board.xml as part xcvc1902-vsva2197-2mp-e-s specified in board_part file is either invalid or not available
WARNING: [Board 49-26] cannot add Board Part xilinx.com:vcu108:part0:1.6 available at C:/Users/Python/Desktop/Vivado_full/Vivado/2023.2/data/xhub/boards/XilinxBoardStore/boards/Xilinx/vcu108/1.6/board.xml as part xcvu095-ffva2104-2-e specified in board_part file is either invalid or not available
WARNING: [Board 49-26] cannot add Board Part xilinx.com:vcu108:part0:1.7 available at C:/Users/Python/Desktop/Vivado_full/Vivado/2023.2/data/xhub/boards/XilinxBoardStore/boards/Xilinx/vcu108/1.7/board.xml as part xcvu095-ffva2104-2-e specified in board_part file is either invalid or not available
WARNING: [Board 49-26] cannot add Board Part xilinx.com:vcu110:part0:1.4 available at C:/Users/Python/Desktop/Vivado_full/Vivado/2023.2/data/xhub/boards/XilinxBoardStore/boards/Xilinx/vcu110/1.4/board.xml as part xcvu190-flgc2104-2-e specified in board_part file is either invalid or not available
WARNING: [Board 49-26] cannot add Board Part xilinx.com:vcu118:part0:2.0 available at C:/Users/Python/Desktop/Vivado_full/Vivado/2023.2/data/xhub/boards/XilinxBoardStore/boards/Xilinx/vcu118/2.0/board.xml as part xcvu9p-flga2104-2l-e specified in board_part file is either invalid or not available
WARNING: [Board 49-26] cannot add Board Part xilinx.com:vcu118:part0:2.3 available at C:/Users/Python/Desktop/Vivado_full/Vivado/2023.2/data/xhub/boards/XilinxBoardStore/boards/Xilinx/vcu118/2.3/board.xml as part xcvu9p-flga2104-2l-e specified in board_part file is either invalid or not available
WARNING: [Board 49-26] cannot add Board Part xilinx.com:vcu118:part0:2.4 available at C:/Users/Python/Desktop/Vivado_full/Vivado/2023.2/data/xhub/boards/XilinxBoardStore/boards/Xilinx/vcu118/2.4/board.xml as part xcvu9p-flga2104-2l-e specified in board_part file is either invalid or not available
WARNING: [Board 49-26] cannot add Board Part xilinx.com:vcu128:part0:1.0 available at C:/Users/Python/Desktop/Vivado_full/Vivado/2023.2/data/xhub/boards/XilinxBoardStore/boards/Xilinx/vcu128/production/1.0/board.xml as part xcvu37p-fsvh2892-2l-e specified in board_part file is either invalid or not available
WARNING: [Board 49-26] cannot add Board Part xilinx.com:vcu129:part0:1.0 available at C:/Users/Python/Desktop/Vivado_full/Vivado/2023.2/data/xhub/boards/XilinxBoardStore/boards/Xilinx/vcu129/production/1.0/board.xml as part xcvu29p-fsga2577-2l-e specified in board_part file is either invalid or not available
WARNING: [Board 49-26] cannot add Board Part xilinx.com:vcu1525:part0:1.3 available at C:/Users/Python/Desktop/Vivado_full/Vivado/2023.2/data/xhub/boards/XilinxBoardStore/boards/Xilinx/vcu1525/1.3/board.xml as part xcvu9p-fsgd2104-2l-e specified in board_part file is either invalid or not available
WARNING: [Board 49-26] cannot add Board Part xilinx.com:vek280:part0:1.0 available at C:/Users/Python/Desktop/Vivado_full/Vivado/2023.2/data/xhub/boards/XilinxBoardStore/boards/Xilinx/vek280/production/1.0/board.xml as part xcve2802-vsvh1760-2mp-e-s specified in board_part file is either invalid or not available
WARNING: [Board 49-26] cannot add Board Part xilinx.com:vek280_es:part0:1.0 available at C:/Users/Python/Desktop/Vivado_full/Vivado/2023.2/data/xhub/boards/XilinxBoardStore/boards/Xilinx/vek280/es/rev_a/1.0/board.xml as part xcve2802-vsvh1760-2lp-e-s-es1 specified in board_part file is either invalid or not available
WARNING: [Board 49-26] cannot add Board Part xilinx.com:vek280_es:part0:1.1 available at C:/Users/Python/Desktop/Vivado_full/Vivado/2023.2/data/xhub/boards/XilinxBoardStore/boards/Xilinx/vek280/es/rev_a/1.1/board.xml as part xcve2802-vsvh1760-2lp-e-s-es1 specified in board_part file is either invalid or not available
WARNING: [Board 49-26] cannot add Board Part xilinx.com:vek280_es_revb:part0:1.0 available at C:/Users/Python/Desktop/Vivado_full/Vivado/2023.2/data/xhub/boards/XilinxBoardStore/boards/Xilinx/vek280/es/rev_b/1.0/board.xml as part xcve2802-vsvh1760-2mp-e-s-es1 specified in board_part file is either invalid or not available
WARNING: [Board 49-26] cannot add Board Part xilinx.com:vek280_es_revb:part0:1.1 available at C:/Users/Python/Desktop/Vivado_full/Vivado/2023.2/data/xhub/boards/XilinxBoardStore/boards/Xilinx/vek280/es/rev_b/1.1/board.xml as part xcve2802-vsvh1760-2mp-e-s-es1 specified in board_part file is either invalid or not available
WARNING: [Board 49-26] cannot add Board Part xilinx.com:vermeo_t1_mpsoc:part0:1.0 available at C:/Users/Python/Desktop/Vivado_full/Vivado/2023.2/data/xhub/boards/XilinxBoardStore/boards/Xilinx/vermeo_t1_mpsoc/1.0/board.xml as part xczu19eg-ffvd1760-2l-e specified in board_part file is either invalid or not available
WARNING: [Board 49-26] cannot add Board Part xilinx.com:vermeo_t1_rfsoc:part0:1.0 available at C:/Users/Python/Desktop/Vivado_full/Vivado/2023.2/data/xhub/boards/XilinxBoardStore/boards/Xilinx/vermeo_t1_rfsoc/1.0/board.xml as part xczu21dr-ffvd1156-2l-e specified in board_part file is either invalid or not available
WARNING: [Board 49-26] cannot add Board Part xilinx.com:vhk158:part0:1.0 available at C:/Users/Python/Desktop/Vivado_full/Vivado/2023.2/data/xhub/boards/XilinxBoardStore/boards/Xilinx/vhk158/production/1.0/board.xml as part xcvh1582-vsva3697-2mp-e-s specified in board_part file is either invalid or not available
WARNING: [Board 49-26] cannot add Board Part xilinx.com:vhk158:part0:1.1 available at C:/Users/Python/Desktop/Vivado_full/Vivado/2023.2/data/xhub/boards/XilinxBoardStore/boards/Xilinx/vhk158/production/1.1/board.xml as part xcvh1582-vsva3697-2mp-e-s specified in board_part file is either invalid or not available
WARNING: [Board 49-26] cannot add Board Part xilinx.com:vhk158_es:part0:1.0 available at C:/Users/Python/Desktop/Vivado_full/Vivado/2023.2/data/xhub/boards/XilinxBoardStore/boards/Xilinx/vhk158/es/1.0/board.xml as part xcvh1582-vsva3697-2mp-e-s-es1 specified in board_part file is either invalid or not available
WARNING: [Board 49-26] cannot add Board Part xilinx.com:vhk158_es:part0:1.1 available at C:/Users/Python/Desktop/Vivado_full/Vivado/2023.2/data/xhub/boards/XilinxBoardStore/boards/Xilinx/vhk158/es/1.1/board.xml as part xcvh1582-vsva3697-2mp-e-s-es1 specified in board_part file is either invalid or not available
WARNING: [Board 49-26] cannot add Board Part xilinx.com:vmk180:part0:2.2 available at C:/Users/Python/Desktop/Vivado_full/Vivado/2023.2/data/xhub/boards/XilinxBoardStore/boards/Xilinx/vmk180/production/2.2/board.xml as part xcvm1802-vsva2197-2mp-e-s specified in board_part file is either invalid or not available
WARNING: [Board 49-26] cannot add Board Part xilinx.com:vmk180:part0:3.0 available at C:/Users/Python/Desktop/Vivado_full/Vivado/2023.2/data/xhub/boards/XilinxBoardStore/boards/Xilinx/vmk180/production/3.0/board.xml as part xcvm1802-vsva2197-2mp-e-s specified in board_part file is either invalid or not available
WARNING: [Board 49-26] cannot add Board Part xilinx.com:vmk180:part0:3.1 available at C:/Users/Python/Desktop/Vivado_full/Vivado/2023.2/data/xhub/boards/XilinxBoardStore/boards/Xilinx/vmk180/production/3.1/board.xml as part xcvm1802-vsva2197-2mp-e-s specified in board_part file is either invalid or not available
WARNING: [Board 49-26] cannot add Board Part xilinx.com:vmk180:part0:3.2 available at C:/Users/Python/Desktop/Vivado_full/Vivado/2023.2/data/xhub/boards/XilinxBoardStore/boards/Xilinx/vmk180/production/3.2/board.xml as part xcvm1802-vsva2197-2mp-e-s specified in board_part file is either invalid or not available
WARNING: [Board 49-26] cannot add Board Part xilinx.com:vmk180_newl:part0:1.0 available at C:/Users/Python/Desktop/Vivado_full/Vivado/2023.2/data/xhub/boards/XilinxBoardStore/boards/Xilinx/vmk180_newl/production/1.0/board.xml as part xcvm1802-vsva2197-2mp-e-s specified in board_part file is either invalid or not available
WARNING: [Board 49-26] cannot add Board Part xilinx.com:vmk180_newl:part0:1.1 available at C:/Users/Python/Desktop/Vivado_full/Vivado/2023.2/data/xhub/boards/XilinxBoardStore/boards/Xilinx/vmk180_newl/production/1.1/board.xml as part xcvm1802-vsva2197-2mp-e-s specified in board_part file is either invalid or not available
WARNING: [Board 49-26] cannot add Board Part xilinx.com:vpk120:part0:1.0 available at C:/Users/Python/Desktop/Vivado_full/Vivado/2023.2/data/xhub/boards/XilinxBoardStore/boards/Xilinx/vpk120/production/1.0/board.xml as part xcvp1202-vsva2785-2mp-e-s specified in board_part file is either invalid or not available
WARNING: [Board 49-26] cannot add Board Part xilinx.com:vpk120:part0:1.1 available at C:/Users/Python/Desktop/Vivado_full/Vivado/2023.2/data/xhub/boards/XilinxBoardStore/boards/Xilinx/vpk120/production/1.1/board.xml as part xcvp1202-vsva2785-2mp-e-s specified in board_part file is either invalid or not available
WARNING: [Board 49-26] cannot add Board Part xilinx.com:vpk120:part0:1.2 available at C:/Users/Python/Desktop/Vivado_full/Vivado/2023.2/data/xhub/boards/XilinxBoardStore/boards/Xilinx/vpk120/production/1.2/board.xml as part xcvp1202-vsva2785-2mp-e-s specified in board_part file is either invalid or not available
WARNING: [Board 49-26] cannot add Board Part xilinx.com:vpk180:part0:1.0 available at C:/Users/Python/Desktop/Vivado_full/Vivado/2023.2/data/xhub/boards/XilinxBoardStore/boards/Xilinx/vpk180/production/1.0/board.xml as part xcvp1802-lsvc4072-2mp-e-s specified in board_part file is either invalid or not available
WARNING: [Board 49-26] cannot add Board Part xilinx.com:vpk180:part0:1.1 available at C:/Users/Python/Desktop/Vivado_full/Vivado/2023.2/data/xhub/boards/XilinxBoardStore/boards/Xilinx/vpk180/production/1.1/board.xml as part xcvp1802-lsvc4072-2mp-e-s specified in board_part file is either invalid or not available
WARNING: [Board 49-26] cannot add Board Part xilinx.com:zc706:part0:1.4 available at C:/Users/Python/Desktop/Vivado_full/Vivado/2023.2/data/xhub/boards/XilinxBoardStore/boards/Xilinx/zc706/1.4/board.xml as part xc7z045ffg900-2 specified in board_part file is either invalid or not available
WARNING: [Board 49-26] cannot add Board Part xilinx.com:zcu102:part0:3.3 available at C:/Users/Python/Desktop/Vivado_full/Vivado/2023.2/data/xhub/boards/XilinxBoardStore/boards/Xilinx/zcu102/3.3/board.xml as part xczu9eg-ffvb1156-2-e specified in board_part file is either invalid or not available
WARNING: [Board 49-26] cannot add Board Part xilinx.com:zcu102:part0:3.4 available at C:/Users/Python/Desktop/Vivado_full/Vivado/2023.2/data/xhub/boards/XilinxBoardStore/boards/Xilinx/zcu102/3.4/board.xml as part xczu9eg-ffvb1156-2-e specified in board_part file is either invalid or not available
WARNING: [Board 49-26] cannot add Board Part xilinx.com:zcu104:part0:1.1 available at C:/Users/Python/Desktop/Vivado_full/Vivado/2023.2/data/xhub/boards/XilinxBoardStore/boards/Xilinx/zcu104/1.1/board.xml as part xczu7ev-ffvc1156-2-e specified in board_part file is either invalid or not available
WARNING: [Board 49-26] cannot add Board Part xilinx.com:zcu106:part0:2.4 available at C:/Users/Python/Desktop/Vivado_full/Vivado/2023.2/data/xhub/boards/XilinxBoardStore/boards/Xilinx/zcu106/2.4/board.xml as part xczu7ev-ffvc1156-2-e specified in board_part file is either invalid or not available
WARNING: [Board 49-26] cannot add Board Part xilinx.com:zcu106:part0:2.5 available at C:/Users/Python/Desktop/Vivado_full/Vivado/2023.2/data/xhub/boards/XilinxBoardStore/boards/Xilinx/zcu106/2.5/board.xml as part xczu7ev-ffvc1156-2-e specified in board_part file is either invalid or not available
WARNING: [Board 49-26] cannot add Board Part xilinx.com:zcu106:part0:2.6 available at C:/Users/Python/Desktop/Vivado_full/Vivado/2023.2/data/xhub/boards/XilinxBoardStore/boards/Xilinx/zcu106/2.6/board.xml as part xczu7ev-ffvc1156-2-e specified in board_part file is either invalid or not available
WARNING: [Board 49-26] cannot add Board Part xilinx.com:zcu111:part0:1.2 available at C:/Users/Python/Desktop/Vivado_full/Vivado/2023.2/data/xhub/boards/XilinxBoardStore/boards/Xilinx/zcu111/1.2/board.xml as part xczu28dr-ffvg1517-2-e specified in board_part file is either invalid or not available
WARNING: [Board 49-26] cannot add Board Part xilinx.com:zcu111:part0:1.3 available at C:/Users/Python/Desktop/Vivado_full/Vivado/2023.2/data/xhub/boards/XilinxBoardStore/boards/Xilinx/zcu111/1.3/board.xml as part xczu28dr-ffvg1517-2-e specified in board_part file is either invalid or not available
WARNING: [Board 49-26] cannot add Board Part xilinx.com:zcu111:part0:1.4 available at C:/Users/Python/Desktop/Vivado_full/Vivado/2023.2/data/xhub/boards/XilinxBoardStore/boards/Xilinx/zcu111/1.4/board.xml as part xczu28dr-ffvg1517-2-e specified in board_part file is either invalid or not available
WARNING: [Board 49-26] cannot add Board Part xilinx.com:zcu1275:part0:1.0 available at C:/Users/Python/Desktop/Vivado_full/Vivado/2023.2/data/xhub/boards/XilinxBoardStore/boards/Xilinx/zcu1275/1.0/board.xml as part xczu29dr-ffvf1760-2-e specified in board_part file is either invalid or not available
WARNING: [Board 49-26] cannot add Board Part xilinx.com:zcu1285:part0:1.0 available at C:/Users/Python/Desktop/Vivado_full/Vivado/2023.2/data/xhub/boards/XilinxBoardStore/boards/Xilinx/zcu1285/1.0/board.xml as part xczu39dr-ffvf1760-2-i specified in board_part file is either invalid or not available
WARNING: [Board 49-26] cannot add Board Part xilinx.com:zcu208:part0:2.0 available at C:/Users/Python/Desktop/Vivado_full/Vivado/2023.2/data/xhub/boards/XilinxBoardStore/boards/Xilinx/zcu208/production/2.0/board.xml as part xczu48dr-fsvg1517-2-e specified in board_part file is either invalid or not available
WARNING: [Board 49-26] cannot add Board Part xilinx.com:zcu208ld:part0:2.0 available at C:/Users/Python/Desktop/Vivado_full/Vivado/2023.2/data/xhub/boards/XilinxBoardStore/boards/Xilinx/zcu208ld/production/2.0/board.xml as part xczu58dr-fsvg1517-2-i specified in board_part file is either invalid or not available
WARNING: [Board 49-26] cannot add Board Part xilinx.com:zcu216:part0:2.0 available at C:/Users/Python/Desktop/Vivado_full/Vivado/2023.2/data/xhub/boards/XilinxBoardStore/boards/Xilinx/zcu216/production/2.0/board.xml as part xczu49dr-ffvf1760-2-e specified in board_part file is either invalid or not available
WARNING: [Board 49-26] cannot add Board Part xilinx.com:zcu216ld:part0:2.0 available at C:/Users/Python/Desktop/Vivado_full/Vivado/2023.2/data/xhub/boards/XilinxBoardStore/boards/Xilinx/zcu216ld/production/2.0/board.xml as part xczu59dr-ffvf1760-2-i specified in board_part file is either invalid or not available
WARNING: [Board 49-26] cannot add Board Part xilinx.com:zcu670:part0:2.0 available at C:/Users/Python/Desktop/Vivado_full/Vivado/2023.2/data/xhub/boards/XilinxBoardStore/boards/Xilinx/zcu670/2.0/board.xml as part xczu67dr-fsve1156-2-i specified in board_part file is either invalid or not available
WARNING: [Board 49-26] cannot add Board Part xilinx.com:zcu670ld:part0:1.0 available at C:/Users/Python/Desktop/Vivado_full/Vivado/2023.2/data/xhub/boards/XilinxBoardStore/boards/Xilinx/zcu670ld/1.0/board.xml as part xczu57dr-fsve1156-2-i specified in board_part file is either invalid or not available
INFO: [IP_Flow 19-795] Syncing license key meta-data
update_compile_order -fileset sources_1
close_project
close_project
open_project C:/Users/Python/Desktop/sdup/simple_speech_recognition/project_final/project_final.xpr
INFO: [filemgmt 56-3] Default IP Output Path : Could not find the directory 'C:/Users/Python/Desktop/sdup/simple_speech_recognition/project_final/project_final.gen/sources_1'.
Scanning sources...
Finished scanning sources
INFO: [IP_Flow 19-234] Refreshing IP repositories
INFO: [IP_Flow 19-1700] Loaded user IP repository 'c:/Users/Python/Desktop/sdup/simple_speech_recognition/paczka'.
INFO: [IP_Flow 19-2313] Loaded Vivado IP repository 'C:/Users/Python/Desktop/Vivado_full/Vivado/2023.2/data/ip'.
update_compile_order -fileset sources_1
set_property  ip_repo_paths  {} [current_project]
update_ip_catalog
INFO: [IP_Flow 19-234] Refreshing IP repositories
INFO: [IP_Flow 19-1704] No user IP repositories specified
set_property  ip_repo_paths  C:/Users/Python/Desktop/sdup/simple_speech_recognition/project_final [current_project]
update_ip_catalog
INFO: [IP_Flow 19-234] Refreshing IP repositories
INFO: [IP_Flow 19-1700] Loaded user IP repository 'c:/Users/Python/Desktop/sdup/simple_speech_recognition/project_final'.
open_bd_design {C:/Users/Python/Desktop/sdup/simple_speech_recognition/project_final/project_final.srcs/sources_1/bd/design_final/design_final.bd}
Reading block design file <C:/Users/Python/Desktop/sdup/simple_speech_recognition/project_final/project_final.srcs/sources_1/bd/design_final/design_final.bd>...
Successfully read diagram <design_final> from block design file <C:/Users/Python/Desktop/sdup/simple_speech_recognition/project_final/project_final.srcs/sources_1/bd/design_final/design_final.bd>
set_property  ip_repo_paths  {} [current_project]
update_ip_catalog
INFO: [IP_Flow 19-234] Refreshing IP repositories
INFO: [IP_Flow 19-1704] No user IP repositories specified
set_property  ip_repo_paths  C:/Users/Python/Desktop/sdup/simple_speech_recognition/paczka_final [current_project]
update_ip_catalog
INFO: [IP_Flow 19-234] Refreshing IP repositories
INFO: [IP_Flow 19-1700] Loaded user IP repository 'c:/Users/Python/Desktop/sdup/simple_speech_recognition/paczka_final'.
startgroup
create_bd_cell -type ip -vlnv xilinx.com:user:top_ssr:1.0 top_ssr_0
endgroup
startgroup
create_bd_cell -type ip -vlnv xilinx.com:ip:processing_system7:5.5 processing_system7_0
endgroup
WARNING: [IP_Flow 19-474] Invalid Parameter 'Component_Name'
set_property CONFIG.PCW_FPGA0_PERIPHERAL_FREQMHZ {20} [get_bd_cells processing_system7_0]
startgroup
create_bd_cell -type ip -vlnv xilinx.com:ip:axi_gpio:2.0 axi_gpio_0
endgroup
set_property -dict [list \
  CONFIG.C_ALL_INPUTS {1} \
  CONFIG.C_GPIO_WIDTH {5} \
] [get_bd_cells axi_gpio_0]
apply_bd_automation -rule xilinx.com:bd_rule:processing_system7 -config {make_external "FIXED_IO, DDR" apply_board_preset "1" Master "Disable" Slave "Disable" }  [get_bd_cells processing_system7_0]
WARNING: [IP_Flow 19-240] Unknown architecture 'versal' detected.
WARNING: [IP_Flow 19-240] Unknown architecture 'versal' detected.
WARNING: [IP_Flow 19-240] Unknown architecture 'versal' detected.
WARNING: [IP_Flow 19-240] Unknown architecture 'versal' detected.
WARNING: [IP_Flow 19-240] Unknown architecture 'versal' detected.
WARNING: [IP_Flow 19-240] Unknown architecture 'versal' detected.
WARNING: [IP_Flow 19-240] Unknown architecture 'versal' detected.
WARNING: [IP_Flow 19-240] Unknown architecture 'versal' detected.
WARNING: [IP_Flow 19-240] Unknown architecture 'versal' detected.
WARNING: [IP_Flow 19-240] Unknown architecture 'versal' detected.
WARNING: [IP_Flow 19-240] Unknown architecture 'versal' detected.
WARNING: [IP_Flow 19-240] Unknown architecture 'versal' detected.
WARNING: [IP_Flow 19-240] Unknown architecture 'versal' detected.
WARNING: [IP_Flow 19-240] Unknown architecture 'versal' detected.
WARNING: [IP_Flow 19-240] Unknown architecture 'versal' detected.
WARNING: [IP_Flow 19-240] Unknown architecture 'versal' detected.
WARNING: [IP_Flow 19-240] Unknown architecture 'versal' detected.
WARNING: [IP_Flow 19-240] Unknown architecture 'versal' detected.
WARNING: [IP_Flow 19-240] Unknown architecture 'versal' detected.
WARNING: [IP_Flow 19-240] Unknown architecture 'versal' detected.
WARNING: [IP_Flow 19-240] Unknown architecture 'versal' detected.
WARNING: [IP_Flow 19-240] Unknown architecture 'versal' detected.
WARNING: [IP_Flow 19-240] Unknown architecture 'versal' detected.
WARNING: [IP_Flow 19-240] Unknown architecture 'versal' detected.
WARNING: [IP_Flow 19-240] Unknown architecture 'versal' detected.
WARNING: [IP_Flow 19-240] Unknown architecture 'versal' detected.
WARNING: [IP_Flow 19-240] Unknown architecture 'versal' detected.
WARNING: [IP_Flow 19-240] Unknown architecture 'versal' detected.
WARNING: [IP_Flow 19-240] Unknown architecture 'versal' detected.
WARNING: [IP_Flow 19-240] Unknown architecture 'versal' detected.
WARNING: [IP_Flow 19-240] Unknown architecture 'versal' detected.
WARNING: [IP_Flow 19-240] Unknown architecture 'versal' detected.
WARNING: [IP_Flow 19-240] Unknown architecture 'versal' detected.
WARNING: [IP_Flow 19-240] Unknown architecture 'versal' detected.
WARNING: [IP_Flow 19-240] Unknown architecture 'versal' detected.
WARNING: [IP_Flow 19-240] Unknown architecture 'versal' detected.
WARNING: [IP_Flow 19-240] Unknown architecture 'versal' detected.
WARNING: [IP_Flow 19-240] Unknown architecture 'versal' detected.
WARNING: [IP_Flow 19-240] Unknown architecture 'versal' detected.
WARNING: [IP_Flow 19-240] Unknown architecture 'versal' detected.
WARNING: [IP_Flow 19-240] Unknown architecture 'versal' detected.
WARNING: [IP_Flow 19-240] Unknown architecture 'versal' detected.
WARNING: [IP_Flow 19-240] Unknown architecture 'versal' detected.
WARNING: [IP_Flow 19-240] Unknown architecture 'versal' detected.
WARNING: [IP_Flow 19-240] Unknown architecture 'versal' detected.
WARNING: [IP_Flow 19-240] Unknown architecture 'versal' detected.
WARNING: [IP_Flow 19-240] Unknown architecture 'versal' detected.
WARNING: [IP_Flow 19-240] Unknown architecture 'versal' detected.
WARNING: [IP_Flow 19-240] Unknown architecture 'versal' detected.
WARNING: [IP_Flow 19-240] Unknown architecture 'versal' detected.
WARNING: [IP_Flow 19-240] Unknown architecture 'versal' detected.
WARNING: [IP_Flow 19-240] Unknown architecture 'versal' detected.
WARNING: [IP_Flow 19-240] Unknown architecture 'versal' detected.
WARNING: [IP_Flow 19-240] Unknown architecture 'versal' detected.
WARNING: [IP_Flow 19-240] Unknown architecture 'versal' detected.
WARNING: [IP_Flow 19-240] Unknown architecture 'versal' detected.
WARNING: [IP_Flow 19-240] Unknown architecture 'versal' detected.
WARNING: [IP_Flow 19-240] Unknown architecture 'versal' detected.
WARNING: [IP_Flow 19-240] Unknown architecture 'versal' detected.
WARNING: [IP_Flow 19-240] Unknown architecture 'versal' detected.
WARNING: [IP_Flow 19-240] Unknown architecture 'versal' detected.
WARNING: [IP_Flow 19-240] Unknown architecture 'versal' detected.
WARNING: [IP_Flow 19-240] Unknown architecture 'versal' detected.
WARNING: [IP_Flow 19-240] Unknown architecture 'versal' detected.
WARNING: [IP_Flow 19-240] Unknown architecture 'versal' detected.
WARNING: [IP_Flow 19-240] Unknown architecture 'versal' detected.
WARNING: [IP_Flow 19-240] Unknown architecture 'versal' detected.
WARNING: [IP_Flow 19-240] Unknown architecture 'versal' detected.
WARNING: [IP_Flow 19-240] Unknown architecture 'versal' detected.
WARNING: [IP_Flow 19-240] Unknown architecture 'versal' detected.
WARNING: [IP_Flow 19-240] Unknown architecture 'versal' detected.
WARNING: [IP_Flow 19-240] Unknown architecture 'versal' detected.
WARNING: [IP_Flow 19-240] Unknown architecture 'versal' detected.
WARNING: [IP_Flow 19-240] Unknown architecture 'versal' detected.
WARNING: [IP_Flow 19-240] Unknown architecture 'versal' detected.
WARNING: [IP_Flow 19-240] Unknown architecture 'versal' detected.
WARNING: [IP_Flow 19-240] Unknown architecture 'versal' detected.
WARNING: [IP_Flow 19-240] Unknown architecture 'versal' detected.
WARNING: [IP_Flow 19-240] Unknown architecture 'versal' detected.
WARNING: [IP_Flow 19-240] Unknown architecture 'versal' detected.
WARNING: [IP_Flow 19-240] Unknown architecture 'versal' detected.
startgroup
apply_bd_automation -rule xilinx.com:bd_rule:board -config { Board_Interface {gpio_sw ( DIP switches ) } Manual_Source {Auto}}  [get_bd_intf_pins axi_gpio_0/GPIO]
INFO: [board_rule 100-100] set_property CONFIG.USE_BOARD_FLOW true [get_bd_cells /axi_gpio_0]
INFO: [board_rule 100-100] set_property CONFIG.GPIO_BOARD_INTERFACE gpio_sw [get_bd_cells /axi_gpio_0]
INFO: [BoardRule 102-8] create_bd_intf_port -mode Master -vlnv xilinx.com:interface:gpio_rtl:1.0 gpio_sw
INFO: [BoardRule 102-9] connect_bd_intf_net /gpio_sw /axi_gpio_0/GPIO
apply_bd_automation -rule xilinx.com:bd_rule:axi4 -config { Clk_master {Auto} Clk_slave {Auto} Clk_xbar {Auto} Master {/processing_system7_0/M_AXI_GP0} Slave {/axi_gpio_0/S_AXI} ddr_seg {Auto} intc_ip {New AXI Interconnect} master_apm {0}}  [get_bd_intf_pins axi_gpio_0/S_AXI]
INFO: [Ipptcl 7-1463] No Compatible Board Interface found. Board Tab not created in customize GUI
Slave segment '/axi_gpio_0/S_AXI/Reg' is being assigned into address space '/processing_system7_0/Data' at <0x4120_0000 [ 64K ]>.
apply_bd_automation -rule xilinx.com:bd_rule:axi4 -config { Clk_master {Auto} Clk_slave {Auto} Clk_xbar {Auto} Master {/processing_system7_0/M_AXI_GP0} Slave {/top_ssr_0/s00_axi} ddr_seg {Auto} intc_ip {New AXI Interconnect} master_apm {0}}  [get_bd_intf_pins top_ssr_0/s00_axi]
Slave segment '/top_ssr_0/s00_axi/reg0' is being assigned into address space '/processing_system7_0/Data' at <0x4000_0000 [ 4K ]>.
endgroup
startgroup
make_bd_pins_external  [get_bd_pins top_ssr_0/led0]
endgroup
validate_bd_design
make_wrapper -files [get_files C:/Users/Python/Desktop/sdup/simple_speech_recognition/project_final/project_final.srcs/sources_1/bd/design_final/design_final.bd] -top
INFO: [BD 41-1662] The design 'design_final.bd' is already validated. Therefore parameter propagation will not be re-run.
Wrote  : <C:\Users\Python\Desktop\sdup\simple_speech_recognition\project_final\project_final.srcs\sources_1\bd\design_final\design_final.bd> 
Wrote  : <C:/Users/Python/Desktop/sdup/simple_speech_recognition/project_final/project_final.srcs/sources_1/bd/design_final/ui/bd_69ab9895.ui> 
Verilog Output written to : c:/Users/Python/Desktop/sdup/simple_speech_recognition/project_final/project_final.gen/sources_1/bd/design_final/synth/design_final.v
Verilog Output written to : c:/Users/Python/Desktop/sdup/simple_speech_recognition/project_final/project_final.gen/sources_1/bd/design_final/sim/design_final.v
Verilog Output written to : c:/Users/Python/Desktop/sdup/simple_speech_recognition/project_final/project_final.gen/sources_1/bd/design_final/hdl/design_final_wrapper.v
add_files -norecurse c:/Users/Python/Desktop/sdup/simple_speech_recognition/project_final/project_final.gen/sources_1/bd/design_final/hdl/design_final_wrapper.v
add_files -fileset constrs_1 -norecurse C:/Users/Python/Desktop/sdup/simple_speech_recognition/project_final/design_ssr_zedboard_5btn.xdc
launch_runs synth_1 -jobs 6
INFO: [BD 41-1662] The design 'design_final.bd' is already validated. Therefore parameter propagation will not be re-run.
Verilog Output written to : c:/Users/Python/Desktop/sdup/simple_speech_recognition/project_final/project_final.gen/sources_1/bd/design_final/synth/design_final.v
Verilog Output written to : c:/Users/Python/Desktop/sdup/simple_speech_recognition/project_final/project_final.gen/sources_1/bd/design_final/sim/design_final.v
Verilog Output written to : c:/Users/Python/Desktop/sdup/simple_speech_recognition/project_final/project_final.gen/sources_1/bd/design_final/hdl/design_final_wrapper.v
INFO: [BD 41-1029] Generation completed for the IP Integrator block top_ssr_0 .
INFO: [IP_Flow 19-5611] Unable to find an associated reset port for the interface 'M_AXI_GP0'. A default connection has been created.
INFO: [BD 41-1029] Generation completed for the IP Integrator block processing_system7_0 .
INFO: [BD 41-1029] Generation completed for the IP Integrator block axi_gpio_0 .
INFO: [BD 41-1029] Generation completed for the IP Integrator block ps7_0_axi_periph/xbar .
WARNING: [IP_Flow 19-4994] Overwriting existing constraint file 'c:/Users/Python/Desktop/sdup/simple_speech_recognition/project_final/project_final.gen/sources_1/bd/design_final/ip/design_final_auto_pc_0/design_final_auto_pc_0_ooc.xdc'
INFO: [BD 41-1029] Generation completed for the IP Integrator block ps7_0_axi_periph/s00_couplers/auto_pc .
INFO: [BD 41-1029] Generation completed for the IP Integrator block rst_ps7_0_50M .
Exporting to file c:/Users/Python/Desktop/sdup/simple_speech_recognition/project_final/project_final.gen/sources_1/bd/design_final/hw_handoff/design_final.hwh
Generated Hardware Definition File c:/Users/Python/Desktop/sdup/simple_speech_recognition/project_final/project_final.gen/sources_1/bd/design_final/synth/design_final.hwdef
INFO: [IP_Flow 19-6930] IPCACHE: runCacheChecks() number of threads = 8
INFO: [IP_Flow 19-6921] IPCACHE: Adding cache check func to thread queue for IP design_final_auto_pc_0
INFO: [IP_Flow 19-6921] IPCACHE: Adding cache check func to thread queue for IP design_final_axi_gpio_0_0
INFO: [IP_Flow 19-6921] IPCACHE: Adding cache check func to thread queue for IP design_final_rst_ps7_0_50M_0
INFO: [IP_Flow 19-6921] IPCACHE: Adding cache check func to thread queue for IP design_final_top_ssr_0_0
INFO: [IP_Flow 19-6921] IPCACHE: Adding cache check func to thread queue for IP design_final_xbar_0
INFO: [IP_Flow 19-8020] IPCACHE: runCacheChecks() calling threadPool finishWork()
INFO: [IP_Flow 19-6924] IPCACHE: Running cache check for IP inst: design_final_auto_pc_0
INFO: [IP_Flow 19-6924] IPCACHE: Running cache check for IP inst: design_final_axi_gpio_0_0
INFO: [IP_Flow 19-6924] IPCACHE: Running cache check for IP inst: design_final_rst_ps7_0_50M_0
INFO: [IP_Flow 19-6924] IPCACHE: Running cache check for IP inst: design_final_top_ssr_0_0
INFO: [IP_Flow 19-6924] IPCACHE: Running cache check for IP inst: design_final_xbar_0
WARNING: [Vivado 12-7122] Auto Incremental Compile:: No reference checkpoint was found in run synth_1. Auto-incremental flow will not be run, the standard flow will be run instead.
[Tue Jun 16 03:31:06 2026] Launched design_final_top_ssr_0_0_synth_1, design_final_auto_pc_0_synth_1, design_final_processing_system7_0_0_synth_1, design_final_axi_gpio_0_0_synth_1, design_final_xbar_0_synth_1, design_final_rst_ps7_0_50M_0_synth_1...
Run output will be captured here:
design_final_top_ssr_0_0_synth_1: C:/Users/Python/Desktop/sdup/simple_speech_recognition/project_final/project_final.runs/design_final_top_ssr_0_0_synth_1/runme.log
design_final_auto_pc_0_synth_1: C:/Users/Python/Desktop/sdup/simple_speech_recognition/project_final/project_final.runs/design_final_auto_pc_0_synth_1/runme.log
design_final_processing_system7_0_0_synth_1: C:/Users/Python/Desktop/sdup/simple_speech_recognition/project_final/project_final.runs/design_final_processing_system7_0_0_synth_1/runme.log
design_final_axi_gpio_0_0_synth_1: C:/Users/Python/Desktop/sdup/simple_speech_recognition/project_final/project_final.runs/design_final_axi_gpio_0_0_synth_1/runme.log
design_final_xbar_0_synth_1: C:/Users/Python/Desktop/sdup/simple_speech_recognition/project_final/project_final.runs/design_final_xbar_0_synth_1/runme.log
design_final_rst_ps7_0_50M_0_synth_1: C:/Users/Python/Desktop/sdup/simple_speech_recognition/project_final/project_final.runs/design_final_rst_ps7_0_50M_0_synth_1/runme.log
[Tue Jun 16 03:31:07 2026] Launched synth_1...
Run output will be captured here: C:/Users/Python/Desktop/sdup/simple_speech_recognition/project_final/project_final.runs/synth_1/runme.log
launch_runs: Time (s): cpu = 00:00:22 ; elapsed = 00:00:28 . Memory (MB): peak = 2186.168 ; gain = 45.691
reset_run synth_1
reset_run design_final_top_ssr_0_0_synth_1
WARNING: [Vivado 12-1017] Problems encountered:
1. Failed to delete one or more files in run directory C:/Users/Python/Desktop/sdup/simple_speech_recognition/project_final/project_final.runs/design_final_top_ssr_0_0_synth_1

reset_run design_final_auto_pc_0_synth_1
WARNING: [Vivado 12-1017] Problems encountered:
1. Failed to delete one or more files in run directory C:/Users/Python/Desktop/sdup/simple_speech_recognition/project_final/project_final.runs/design_final_auto_pc_0_synth_1

reset_run design_final_processing_system7_0_0_synth_1
WARNING: [Vivado 12-1017] Problems encountered:
1. Failed to delete one or more files in run directory C:/Users/Python/Desktop/sdup/simple_speech_recognition/project_final/project_final.runs/design_final_processing_system7_0_0_synth_1

reset_run design_final_axi_gpio_0_0_synth_1
WARNING: [Vivado 12-1017] Problems encountered:
1. Failed to delete one or more files in run directory C:/Users/Python/Desktop/sdup/simple_speech_recognition/project_final/project_final.runs/design_final_axi_gpio_0_0_synth_1

reset_run design_final_xbar_0_synth_1
WARNING: [Vivado 12-1017] Problems encountered:
1. Failed to delete one or more files in run directory C:/Users/Python/Desktop/sdup/simple_speech_recognition/project_final/project_final.runs/design_final_xbar_0_synth_1

reset_run design_final_rst_ps7_0_50M_0_synth_1
WARNING: [Vivado 12-1017] Problems encountered:
1. Failed to delete one or more files in run directory C:/Users/Python/Desktop/sdup/simple_speech_recognition/project_final/project_final.runs/design_final_rst_ps7_0_50M_0_synth_1

launch_runs impl_1 -to_step write_bitstream -jobs 6
INFO: [IP_Flow 19-6930] IPCACHE: runCacheChecks() number of threads = 8
INFO: [IP_Flow 19-6921] IPCACHE: Adding cache check func to thread queue for IP design_final_auto_pc_0
INFO: [IP_Flow 19-6921] IPCACHE: Adding cache check func to thread queue for IP design_final_axi_gpio_0_0
INFO: [IP_Flow 19-6921] IPCACHE: Adding cache check func to thread queue for IP design_final_rst_ps7_0_50M_0
INFO: [IP_Flow 19-6921] IPCACHE: Adding cache check func to thread queue for IP design_final_top_ssr_0_0
INFO: [IP_Flow 19-6921] IPCACHE: Adding cache check func to thread queue for IP design_final_xbar_0
INFO: [IP_Flow 19-8020] IPCACHE: runCacheChecks() calling threadPool finishWork()
INFO: [IP_Flow 19-6924] IPCACHE: Running cache check for IP inst: design_final_auto_pc_0
INFO: [IP_Flow 19-6924] IPCACHE: Running cache check for IP inst: design_final_axi_gpio_0_0
INFO: [IP_Flow 19-6924] IPCACHE: Running cache check for IP inst: design_final_rst_ps7_0_50M_0
INFO: [IP_Flow 19-6924] IPCACHE: Running cache check for IP inst: design_final_top_ssr_0_0
INFO: [IP_Flow 19-6924] IPCACHE: Running cache check for IP inst: design_final_xbar_0
[Tue Jun 16 03:31:34 2026] Launched design_final_top_ssr_0_0_synth_1, design_final_auto_pc_0_synth_1, design_final_processing_system7_0_0_synth_1, design_final_axi_gpio_0_0_synth_1, design_final_xbar_0_synth_1, design_final_rst_ps7_0_50M_0_synth_1, synth_1...
Run output will be captured here:
design_final_top_ssr_0_0_synth_1: C:/Users/Python/Desktop/sdup/simple_speech_recognition/project_final/project_final.runs/design_final_top_ssr_0_0_synth_1/runme.log
design_final_auto_pc_0_synth_1: C:/Users/Python/Desktop/sdup/simple_speech_recognition/project_final/project_final.runs/design_final_auto_pc_0_synth_1/runme.log
design_final_processing_system7_0_0_synth_1: C:/Users/Python/Desktop/sdup/simple_speech_recognition/project_final/project_final.runs/design_final_processing_system7_0_0_synth_1/runme.log
design_final_axi_gpio_0_0_synth_1: C:/Users/Python/Desktop/sdup/simple_speech_recognition/project_final/project_final.runs/design_final_axi_gpio_0_0_synth_1/runme.log
design_final_xbar_0_synth_1: C:/Users/Python/Desktop/sdup/simple_speech_recognition/project_final/project_final.runs/design_final_xbar_0_synth_1/runme.log
design_final_rst_ps7_0_50M_0_synth_1: C:/Users/Python/Desktop/sdup/simple_speech_recognition/project_final/project_final.runs/design_final_rst_ps7_0_50M_0_synth_1/runme.log
synth_1: C:/Users/Python/Desktop/sdup/simple_speech_recognition/project_final/project_final.runs/synth_1/runme.log
[Tue Jun 16 03:31:34 2026] Launched impl_1...
Run output will be captured here: C:/Users/Python/Desktop/sdup/simple_speech_recognition/project_final/project_final.runs/impl_1/runme.log
reset_run synth_1
reset_run design_final_auto_pc_0_synth_1
reset_run design_final_processing_system7_0_0_synth_1
reset_run design_final_axi_gpio_0_0_synth_1
reset_run design_final_rst_ps7_0_50M_0_synth_1
launch_runs synth_1 -jobs 6
INFO: [IP_Flow 19-6930] IPCACHE: runCacheChecks() number of threads = 8
INFO: [IP_Flow 19-6921] IPCACHE: Adding cache check func to thread queue for IP design_final_auto_pc_0
INFO: [IP_Flow 19-6921] IPCACHE: Adding cache check func to thread queue for IP design_final_axi_gpio_0_0
INFO: [IP_Flow 19-6921] IPCACHE: Adding cache check func to thread queue for IP design_final_rst_ps7_0_50M_0
INFO: [IP_Flow 19-8020] IPCACHE: runCacheChecks() calling threadPool finishWork()
INFO: [IP_Flow 19-6924] IPCACHE: Running cache check for IP inst: design_final_auto_pc_0
INFO: [IP_Flow 19-6924] IPCACHE: Running cache check for IP inst: design_final_axi_gpio_0_0
INFO: [IP_Flow 19-6924] IPCACHE: Running cache check for IP inst: design_final_rst_ps7_0_50M_0
WARNING: [Vivado 12-7122] Auto Incremental Compile:: No reference checkpoint was found in run synth_1. Auto-incremental flow will not be run, the standard flow will be run instead.
[Tue Jun 16 03:43:23 2026] Launched design_final_auto_pc_0_synth_1, design_final_processing_system7_0_0_synth_1, design_final_axi_gpio_0_0_synth_1, design_final_rst_ps7_0_50M_0_synth_1...
Run output will be captured here:
design_final_auto_pc_0_synth_1: C:/Users/Python/Desktop/sdup/simple_speech_recognition/project_final/project_final.runs/design_final_auto_pc_0_synth_1/runme.log
design_final_processing_system7_0_0_synth_1: C:/Users/Python/Desktop/sdup/simple_speech_recognition/project_final/project_final.runs/design_final_processing_system7_0_0_synth_1/runme.log
design_final_axi_gpio_0_0_synth_1: C:/Users/Python/Desktop/sdup/simple_speech_recognition/project_final/project_final.runs/design_final_axi_gpio_0_0_synth_1/runme.log
design_final_rst_ps7_0_50M_0_synth_1: C:/Users/Python/Desktop/sdup/simple_speech_recognition/project_final/project_final.runs/design_final_rst_ps7_0_50M_0_synth_1/runme.log
[Tue Jun 16 03:43:23 2026] Launched synth_1...
Run output will be captured here: C:/Users/Python/Desktop/sdup/simple_speech_recognition/project_final/project_final.runs/synth_1/runme.log
reset_run synth_1
reset_run design_final_auto_pc_0_synth_1
reset_run design_final_processing_system7_0_0_synth_1
reset_run design_final_axi_gpio_0_0_synth_1
reset_run design_final_rst_ps7_0_50M_0_synth_1
WARNING: [IP_Flow 19-474] Invalid Parameter 'Component_Name'
startgroup
set_property -dict [list \
  CONFIG.PCW_FPGA0_PERIPHERAL_FREQMHZ {20} \
  CONFIG.PCW_QSPI_GRP_SINGLE_SS_ENABLE {1} \
] [get_bd_cells processing_system7_0]
endgroup
regenerate_bd_layout
save_bd_design
Wrote  : <C:\Users\Python\Desktop\sdup\simple_speech_recognition\project_final\project_final.srcs\sources_1\bd\design_final\design_final.bd> 
Wrote  : <C:/Users/Python/Desktop/sdup/simple_speech_recognition/project_final/project_final.srcs/sources_1/bd/design_final/ui/bd_69ab9895.ui> 
launch_runs impl_1 -jobs 6
Wrote  : <C:\Users\Python\Desktop\sdup\simple_speech_recognition\project_final\project_final.srcs\sources_1\bd\design_final\design_final.bd> 
Verilog Output written to : c:/Users/Python/Desktop/sdup/simple_speech_recognition/project_final/project_final.gen/sources_1/bd/design_final/synth/design_final.v
Verilog Output written to : c:/Users/Python/Desktop/sdup/simple_speech_recognition/project_final/project_final.gen/sources_1/bd/design_final/sim/design_final.v
Verilog Output written to : c:/Users/Python/Desktop/sdup/simple_speech_recognition/project_final/project_final.gen/sources_1/bd/design_final/hdl/design_final_wrapper.v
INFO: [IP_Flow 19-5611] Unable to find an associated reset port for the interface 'M_AXI_GP0'. A default connection has been created.
INFO: [BD 41-1029] Generation completed for the IP Integrator block processing_system7_0 .
INFO: [BD 41-1029] Generation completed for the IP Integrator block ps7_0_axi_periph/xbar .
INFO: [BD 41-1029] Generation completed for the IP Integrator block rst_ps7_0_50M .
WARNING: [IP_Flow 19-4994] Overwriting existing constraint file 'c:/Users/Python/Desktop/sdup/simple_speech_recognition/project_final/project_final.gen/sources_1/bd/design_final/ip/design_final_auto_pc_0/design_final_auto_pc_0_ooc.xdc'
INFO: [BD 41-1029] Generation completed for the IP Integrator block ps7_0_axi_periph/s00_couplers/auto_pc .
Exporting to file c:/Users/Python/Desktop/sdup/simple_speech_recognition/project_final/project_final.gen/sources_1/bd/design_final/hw_handoff/design_final.hwh
Generated Hardware Definition File c:/Users/Python/Desktop/sdup/simple_speech_recognition/project_final/project_final.gen/sources_1/bd/design_final/synth/design_final.hwdef
INFO: [IP_Flow 19-6930] IPCACHE: runCacheChecks() number of threads = 8
INFO: [IP_Flow 19-6921] IPCACHE: Adding cache check func to thread queue for IP design_final_auto_pc_0
INFO: [IP_Flow 19-6921] IPCACHE: Adding cache check func to thread queue for IP design_final_axi_gpio_0_0
INFO: [IP_Flow 19-6921] IPCACHE: Adding cache check func to thread queue for IP design_final_rst_ps7_0_50M_0
INFO: [IP_Flow 19-6921] IPCACHE: Adding cache check func to thread queue for IP design_final_xbar_0
INFO: [IP_Flow 19-8020] IPCACHE: runCacheChecks() calling threadPool finishWork()
INFO: [IP_Flow 19-6924] IPCACHE: Running cache check for IP inst: design_final_auto_pc_0
INFO: [IP_Flow 19-6924] IPCACHE: Running cache check for IP inst: design_final_rst_ps7_0_50M_0
INFO: [IP_Flow 19-6924] IPCACHE: Running cache check for IP inst: design_final_axi_gpio_0_0
INFO: [IP_Flow 19-6924] IPCACHE: Running cache check for IP inst: design_final_xbar_0
[Tue Jun 16 04:07:23 2026] Launched design_final_processing_system7_0_0_synth_1, design_final_axi_gpio_0_0_synth_1, design_final_xbar_0_synth_1, design_final_rst_ps7_0_50M_0_synth_1, design_final_auto_pc_0_synth_1, synth_1...
Run output will be captured here:
design_final_processing_system7_0_0_synth_1: C:/Users/Python/Desktop/sdup/simple_speech_recognition/project_final/project_final.runs/design_final_processing_system7_0_0_synth_1/runme.log
design_final_axi_gpio_0_0_synth_1: C:/Users/Python/Desktop/sdup/simple_speech_recognition/project_final/project_final.runs/design_final_axi_gpio_0_0_synth_1/runme.log
design_final_xbar_0_synth_1: C:/Users/Python/Desktop/sdup/simple_speech_recognition/project_final/project_final.runs/design_final_xbar_0_synth_1/runme.log
design_final_rst_ps7_0_50M_0_synth_1: C:/Users/Python/Desktop/sdup/simple_speech_recognition/project_final/project_final.runs/design_final_rst_ps7_0_50M_0_synth_1/runme.log
design_final_auto_pc_0_synth_1: C:/Users/Python/Desktop/sdup/simple_speech_recognition/project_final/project_final.runs/design_final_auto_pc_0_synth_1/runme.log
synth_1: C:/Users/Python/Desktop/sdup/simple_speech_recognition/project_final/project_final.runs/synth_1/runme.log
[Tue Jun 16 04:07:23 2026] Launched impl_1...
Run output will be captured here: C:/Users/Python/Desktop/sdup/simple_speech_recognition/project_final/project_final.runs/impl_1/runme.log
launch_runs: Time (s): cpu = 00:00:29 ; elapsed = 00:00:37 . Memory (MB): peak = 2430.309 ; gain = 66.484
launch_runs impl_1 -to_step write_bitstream -jobs 6
[Tue Jun 16 07:32:10 2026] Launched impl_1...
Run output will be captured here: C:/Users/Python/Desktop/sdup/simple_speech_recognition/project_final/project_final.runs/impl_1/runme.log
write_hw_platform -fixed -include_bit -force -file C:/Users/Python/Desktop/sdup/simple_speech_recognition/project_final/design_final_wrapper.xsa
INFO: [Project 1-1918] Creating Hardware Platform: C:/Users/Python/Desktop/sdup/simple_speech_recognition/project_final/design_final_wrapper.xsa ...
INFO: [Project 1-1943] The Hardware Platform can be used for Hardware
INFO: [Project 1-1941] Successfully created Hardware Platform: C:/Users/Python/Desktop/sdup/simple_speech_recognition/project_final/design_final_wrapper.xsa
INFO: [Hsi 55-2053] elapsed time for repository (C:/Users/Python/Desktop/Vivado_full/Vivado/2023.2/data/embeddedsw) loading 2 seconds
write_hw_platform: Time (s): cpu = 00:00:03 ; elapsed = 00:00:06 . Memory (MB): peak = 2430.309 ; gain = 0.000
INFO: [Vivado 12-8231] Launching Vitis
INFO: [Vivado 12-417] Running vitis
INFO: [Vivado 12-8231] Launching Vitis
INFO: [Vivado 12-417] Running vitis
INFO: [Vivado 12-8231] Launching Vitis
INFO: [Vivado 12-417] Running vitis
exit
INFO: [Common 17-206] Exiting Vivado at Tue Jun 16 07:37:41 2026...
